Component: ARM Compiler 5.06 update 7 (build 960) Tool: armlink [4d3601]

==============================================================================

Section Cross References

    template.o(RESET) refers to template.o(STACK) for __initial_sp
    template.o(RESET) refers to template.o(.text) for Reset_Handler
    template.o(.text) refers to template.o(STACK) for Stack_Mem
    template.o(.text) refers to template.o(BellissimiDati) for DestinationStartAddress


==============================================================================

Removing Unused input sections from the image.

    Removing template.o(HEAP), (512 bytes).

1 unused section(s) (total 512 bytes) removed from the image.

==============================================================================

Image Symbol Table

    Local Symbols

    Symbol Name                              Value     Ov Type        Size  Object(Section)

    RESET                                    0x00000000   Section      204  template.o(RESET)
    template.s                               0x00000000   Number         0  template.o ABSOLUTE
    .ARM.__at_0x02FC                         0x000002fc   Section        4  template.o(.ARM.__at_0x02FC)
    .text                                    0x00000300   Section     1256  template.o(.text)
    SourceStartAddress                       0x00000758   Data          32  template.o(.text)
    BellissimiDati                           0x10000000   Section        4  template.o(BellissimiDati)
    DestinationStartAddress                  0x10000000   Data           4  template.o(BellissimiDati)
    STACK                                    0x10000008   Section      512  template.o(STACK)
    Stack_Mem                                0x10000108   Data         256  template.o(STACK)

    Global Symbols

    Symbol Name                              Value     Ov Type        Size  Object(Section)

    BuildAttributes$$THM_ISAv4$P$D$K$B$S$PE$A:L22UL41UL21$X:L11$S22US41US21$IEEE1$IW$USESV6$~STKCKD$USESV7$~SHL$OSPACE$EBA8$STANDARDLIB$PRES8$EABIv2 0x00000000   Number         0  anon$$obj.o ABSOLUTE
    __Vectors                                0x00000000   Data           4  template.o(RESET)
    Reset_Handler                            0x00000301   Thumb Code    74  template.o(.text)
    NMI_Handler                              0x00000779   Thumb Code     2  template.o(.text)
    HardFault_Handler                        0x0000077b   Thumb Code     2  template.o(.text)
    MemManage_Handler                        0x0000077d   Thumb Code     2  template.o(.text)
    BusFault_Handler                         0x0000077f   Thumb Code     2  template.o(.text)
    UsageFault_Handler                       0x00000781   Thumb Code     2  template.o(.text)
    SVC_Handler                              0x00000783   Thumb Code    92  template.o(.text)
    DebugMon_Handler                         0x000007df   Thumb Code     2  template.o(.text)
    PendSV_Handler                           0x000007e1   Thumb Code     2  template.o(.text)
    SysTick_Handler                          0x000007e3   Thumb Code     2  template.o(.text)
    ADC_IRQHandler                           0x000007e5   Thumb Code     0  template.o(.text)
    BOD_IRQHandler                           0x000007e5   Thumb Code     0  template.o(.text)
    CANActivity_IRQHandler                   0x000007e5   Thumb Code     0  template.o(.text)
    CAN_IRQHandler                           0x000007e5   Thumb Code     0  template.o(.text)
    DMA_IRQHandler                           0x000007e5   Thumb Code     0  template.o(.text)
    EINT0_IRQHandler                         0x000007e5   Thumb Code     0  template.o(.text)
    EINT1_IRQHandler                         0x000007e5   Thumb Code     0  template.o(.text)
    EINT2_IRQHandler                         0x000007e5   Thumb Code     0  template.o(.text)
    EINT3_IRQHandler                         0x000007e5   Thumb Code     0  template.o(.text)
    ENET_IRQHandler                          0x000007e5   Thumb Code     0  template.o(.text)
    I2C0_IRQHandler                          0x000007e5   Thumb Code     0  template.o(.text)
    I2C1_IRQHandler                          0x000007e5   Thumb Code     0  template.o(.text)
    I2C2_IRQHandler                          0x000007e5   Thumb Code     0  template.o(.text)
    I2S_IRQHandler                           0x000007e5   Thumb Code     0  template.o(.text)
    MCPWM_IRQHandler                         0x000007e5   Thumb Code     0  template.o(.text)
    PLL0_IRQHandler                          0x000007e5   Thumb Code     0  template.o(.text)
    PLL1_IRQHandler                          0x000007e5   Thumb Code     0  template.o(.text)
    PWM1_IRQHandler                          0x000007e5   Thumb Code     0  template.o(.text)
    QEI_IRQHandler                           0x000007e5   Thumb Code     0  template.o(.text)
    RIT_IRQHandler                           0x000007e5   Thumb Code     0  template.o(.text)
    RTC_IRQHandler                           0x000007e5   Thumb Code     0  template.o(.text)
    SPI_IRQHandler                           0x000007e5   Thumb Code     0  template.o(.text)
    SSP0_IRQHandler                          0x000007e5   Thumb Code     0  template.o(.text)
    SSP1_IRQHandler                          0x000007e5   Thumb Code     0  template.o(.text)
    TIMER0_IRQHandler                        0x000007e5   Thumb Code     0  template.o(.text)
    TIMER1_IRQHandler                        0x000007e5   Thumb Code     0  template.o(.text)
    TIMER2_IRQHandler                        0x000007e5   Thumb Code     0  template.o(.text)
    TIMER3_IRQHandler                        0x000007e5   Thumb Code     0  template.o(.text)
    UART0_IRQHandler                         0x000007e5   Thumb Code     0  template.o(.text)
    UART1_IRQHandler                         0x000007e5   Thumb Code     0  template.o(.text)
    UART2_IRQHandler                         0x000007e5   Thumb Code     0  template.o(.text)
    UART3_IRQHandler                         0x000007e5   Thumb Code     0  template.o(.text)
    USBActivity_IRQHandler                   0x000007e5   Thumb Code     0  template.o(.text)
    USB_IRQHandler                           0x000007e5   Thumb Code     0  template.o(.text)
    WDT_IRQHandler                           0x000007e5   Thumb Code     0  template.o(.text)
    __initial_sp                             0x10000208   Data           0  template.o(STACK)



==============================================================================

Memory Map of the image

  Image Entry point : 0x00000301

  Load Region LR_1 (Base: 0x00000000, Size: 0x000007ec, Max: 0xffffffff, ABSOLUTE)

    Execution Region ER_RO (Exec base: 0x00000000, Load base: 0x00000000, Size: 0x000007e8, Max: 0xffffffff, ABSOLUTE)

    Exec Addr    Load Addr    Size         Type   Attr      Idx    E Section Name        Object

    0x00000000   0x00000000   0x000000cc   Data   RO            3    RESET               template.o
    0x000000cc   0x000000cc   0x00000230   PAD
    0x000002fc   0x000002fc   0x00000004   Code   RO            4    .ARM.__at_0x02FC    template.o
    0x00000300   0x00000300   0x000004e8   Code   RO            6  * .text               template.o


    Execution Region ER_RW (Exec base: 0x10000000, Load base: 0x000007e8, Size: 0x00000004, Max: 0xffffffff, ABSOLUTE)

    Exec Addr    Load Addr    Size         Type   Attr      Idx    E Section Name        Object

    0x10000000   0x000007e8   0x00000004   Data   RW            5    BellissimiDati      template.o


    Execution Region ER_ZI (Exec base: 0x10000004, Load base: 0x000007ec, Size: 0x00000204, Max: 0xffffffff, ABSOLUTE)

    Exec Addr    Load Addr    Size         Type   Attr      Idx    E Section Name        Object

    0x10000004   0x000007ec   0x00000004   PAD
    0x10000008        -       0x00000200   Zero   RW            1    STACK               template.o


==============================================================================

Image component sizes


      Code (inc. data)   RO Data    RW Data    ZI Data      Debug   Object Name

      1260       1076        204          4        512       1104   template.o

    ----------------------------------------------------------------------
      1260       1076        764          4        516       1104   Object Totals
         0          0          0          0          0          0   (incl. Generated)
         0          0        560          0          4          0   (incl. Padding)

    ----------------------------------------------------------------------
         0          0          0          0          0          0   Library Totals
         0          0          0          0          0          0   (incl. Padding)

    ----------------------------------------------------------------------

==============================================================================


      Code (inc. data)   RO Data    RW Data    ZI Data      Debug   

      1260       1076        764          4        516       1104   Grand Totals
      1260       1076        764          4        516       1104   ELF Image Totals
      1260       1076        764          4          0          0   ROM Totals

==============================================================================

    Total RO  Size (Code + RO Data)                 2024 (   1.98kB)
    Total RW  Size (RW Data + ZI Data)               520 (   0.51kB)
    Total ROM Size (Code + RO Data + RW Data)       2028 (   1.98kB)

==============================================================================

