Component: ARM Compiler 5.06 update 7 (build 960) Tool: armlink [4d3601]

==============================================================================

Section Cross References

    template.o(RESET) refers to template.o(STACK) for __initial_sp
    template.o(RESET) refers to template.o(.text) for Reset_Handler
    template.o(.text) refers to template.o(STACK) for Stack_Mem


==============================================================================

Removing Unused input sections from the image.

    Removing template.o(HEAP), (512 bytes).

1 unused section(s) (total 512 bytes) removed from the image.

==============================================================================

Image Symbol Table

    Local Symbols

    Symbol Name                              Value     Ov Type        Size  Object(Section)

    RESET                                    0x00000000   Section      204  template.o(RESET)
    template.s                               0x00000000   Number         0  template.o ABSOLUTE
    .text                                    0x000000cc   Section       76  template.o(.text)
    .ARM.__at_0x02FC                         0x000002fc   Section        4  template.o(.ARM.__at_0x02FC)
    STACK                                    0x10000000   Section      512  template.o(STACK)
    Stack_Mem                                0x10000100   Data         256  template.o(STACK)

    Global Symbols

    Symbol Name                              Value     Ov Type        Size  Object(Section)

    BuildAttributes$$THM_ISAv4$P$D$K$B$S$PE$A:L22UL41UL21$X:L11$S22US41US21$IEEE1$IW$USESV6$~STKCKD$USESV7$~SHL$OSPACE$EBA8$STANDARDLIB$PRES8$EABIv2 0x00000000   Number         0  anon$$obj.o ABSOLUTE
    __Vectors                                0x00000000   Data           4  template.o(RESET)
    Reset_Handler                            0x000000cd   Thumb Code    18  template.o(.text)
    NMI_Handler                              0x000000df   Thumb Code     2  template.o(.text)
    HardFault_Handler                        0x000000e1   Thumb Code     2  template.o(.text)
    MemManage_Handler                        0x000000e3   Thumb Code     2  template.o(.text)
    BusFault_Handler                         0x000000e5   Thumb Code     2  template.o(.text)
    UsageFault_Handler                       0x000000e7   Thumb Code     2  template.o(.text)
    SVC_Handler                              0x000000e9   Thumb Code    34  template.o(.text)
    DebugMon_Handler                         0x0000010b   Thumb Code     2  template.o(.text)
    PendSV_Handler                           0x0000010d   Thumb Code     2  template.o(.text)
    SysTick_Handler                          0x0000010f   Thumb Code     2  template.o(.text)
    ADC_IRQHandler                           0x00000111   Thumb Code     0  template.o(.text)
    BOD_IRQHandler                           0x00000111   Thumb Code     0  template.o(.text)
    CANActivity_IRQHandler                   0x00000111   Thumb Code     0  template.o(.text)
    CAN_IRQHandler                           0x00000111   Thumb Code     0  template.o(.text)
    DMA_IRQHandler                           0x00000111   Thumb Code     0  template.o(.text)
    EINT0_IRQHandler                         0x00000111   Thumb Code     0  template.o(.text)
    EINT1_IRQHandler                         0x00000111   Thumb Code     0  template.o(.text)
    EINT2_IRQHandler                         0x00000111   Thumb Code     0  template.o(.text)
    EINT3_IRQHandler                         0x00000111   Thumb Code     0  template.o(.text)
    ENET_IRQHandler                          0x00000111   Thumb Code     0  template.o(.text)
    I2C0_IRQHandler                          0x00000111   Thumb Code     0  template.o(.text)
    I2C1_IRQHandler                          0x00000111   Thumb Code     0  template.o(.text)
    I2C2_IRQHandler                          0x00000111   Thumb Code     0  template.o(.text)
    I2S_IRQHandler                           0x00000111   Thumb Code     0  template.o(.text)
    MCPWM_IRQHandler                         0x00000111   Thumb Code     0  template.o(.text)
    PLL0_IRQHandler                          0x00000111   Thumb Code     0  template.o(.text)
    PLL1_IRQHandler                          0x00000111   Thumb Code     0  template.o(.text)
    PWM1_IRQHandler                          0x00000111   Thumb Code     0  template.o(.text)
    QEI_IRQHandler                           0x00000111   Thumb Code     0  template.o(.text)
    RIT_IRQHandler                           0x00000111   Thumb Code     0  template.o(.text)
    RTC_IRQHandler                           0x00000111   Thumb Code     0  template.o(.text)
    SPI_IRQHandler                           0x00000111   Thumb Code     0  template.o(.text)
    SSP0_IRQHandler                          0x00000111   Thumb Code     0  template.o(.text)
    SSP1_IRQHandler                          0x00000111   Thumb Code     0  template.o(.text)
    TIMER0_IRQHandler                        0x00000111   Thumb Code     0  template.o(.text)
    TIMER1_IRQHandler                        0x00000111   Thumb Code     0  template.o(.text)
    TIMER2_IRQHandler                        0x00000111   Thumb Code     0  template.o(.text)
    TIMER3_IRQHandler                        0x00000111   Thumb Code     0  template.o(.text)
    UART0_IRQHandler                         0x00000111   Thumb Code     0  template.o(.text)
    UART1_IRQHandler                         0x00000111   Thumb Code     0  template.o(.text)
    UART2_IRQHandler                         0x00000111   Thumb Code     0  template.o(.text)
    UART3_IRQHandler                         0x00000111   Thumb Code     0  template.o(.text)
    USBActivity_IRQHandler                   0x00000111   Thumb Code     0  template.o(.text)
    USB_IRQHandler                           0x00000111   Thumb Code     0  template.o(.text)
    WDT_IRQHandler                           0x00000111   Thumb Code     0  template.o(.text)
    __initial_sp                             0x10000200   Data           0  template.o(STACK)



==============================================================================

Memory Map of the image

  Image Entry point : 0x000000cd

  Load Region LR_1 (Base: 0x00000000, Size: 0x00000300, Max: 0xffffffff, ABSOLUTE)

    Execution Region ER_RO (Exec base: 0x00000000, Load base: 0x00000000, Size: 0x00000300, Max: 0xffffffff, ABSOLUTE)

    Exec Addr    Load Addr    Size         Type   Attr      Idx    E Section Name        Object

    0x00000000   0x00000000   0x000000cc   Data   RO            3    RESET               template.o
    0x000000cc   0x000000cc   0x0000004c   Code   RO            5  * .text               template.o
    0x00000118   0x00000118   0x000001e4   PAD
    0x000002fc   0x000002fc   0x00000004   Code   RO            4    .ARM.__at_0x02FC    template.o


    Execution Region ER_RW (Exec base: 0x10000000, Load base: 0x00000300, Size: 0x00000000, Max: 0xffffffff, ABSOLUTE)

    **** No section assigned to this execution region ****


    Execution Region ER_ZI (Exec base: 0x10000000, Load base: 0x00000300, Size: 0x00000200, Max: 0xffffffff, ABSOLUTE)

    Exec Addr    Load Addr    Size         Type   Attr      Idx    E Section Name        Object

    0x10000000        -       0x00000200   Zero   RW            1    STACK               template.o


==============================================================================

Image component sizes


      Code (inc. data)   RO Data    RW Data    ZI Data      Debug   Object Name

        80         10        204          0        512       1052   template.o

    ----------------------------------------------------------------------
       564        494        204          0        512       1052   Object Totals
         0          0          0          0          0          0   (incl. Generated)
       484        484          0          0          0          0   (incl. Padding)

    ----------------------------------------------------------------------
         0          0          0          0          0          0   Library Totals
         0          0          0          0          0          0   (incl. Padding)

    ----------------------------------------------------------------------

==============================================================================


      Code (inc. data)   RO Data    RW Data    ZI Data      Debug   

       564        494        204          0        512       1052   Grand Totals
       564        494        204          0        512       1052   ELF Image Totals
       564        494        204          0          0          0   ROM Totals

==============================================================================

    Total RO  Size (Code + RO Data)                  768 (   0.75kB)
    Total RW  Size (RW Data + ZI Data)               512 (   0.50kB)
    Total ROM Size (Code + RO Data + RW Data)        768 (   0.75kB)

==============================================================================

