Component: ARM Compiler 5.06 update 7 (build 960) Tool: armlink [4d3601]

==============================================================================

Section Cross References

    template.o(RESET) refers to template.o(STACK) for __initial_sp
    template.o(RESET) refers to template.o(.text) for Reset_Handler
    template.o(.text) refers to template.o(STACK) for Stack_Mem
    template.o(.text) refers to template.o(BellissimiDati) for DestinationStartAddress


==============================================================================

Removing Unused input sections from the image.

    Removing template.o(HEAP), (512 bytes).

1 unused section(s) (total 512 bytes) removed from the image.

==============================================================================

Image Symbol Table

    Local Symbols

    Symbol Name                              Value     Ov Type        Size  Object(Section)

    RESET                                    0x00000000   Section      204  template.o(RESET)
    template.s                               0x00000000   Number         0  template.o ABSOLUTE
    .text                                    0x000000cc   Section      264  template.o(.text)
    SourceStartAddress                       0x0000012c   Data          32  template.o(.text)
    .ARM.__at_0x02FC                         0x000002fc   Section        4  template.o(.ARM.__at_0x02FC)
    BellissimiDati                           0x10000000   Section      128  template.o(BellissimiDati)
    DestinationStartAddress                  0x10000000   Data         128  template.o(BellissimiDati)
    STACK                                    0x10000080   Section      512  template.o(STACK)
    Stack_Mem                                0x10000180   Data         256  template.o(STACK)

    Global Symbols

    Symbol Name                              Value     Ov Type        Size  Object(Section)

    BuildAttributes$$THM_ISAv4$P$D$K$B$S$PE$A:L22UL41UL21$X:L11$S22US41US21$IEEE1$IW$USESV6$~STKCKD$USESV7$~SHL$OSPACE$EBA8$STANDARDLIB$PRES8$EABIv2 0x00000000   Number         0  anon$$obj.o ABSOLUTE
    __Vectors                                0x00000000   Data           4  template.o(RESET)
    Reset_Handler                            0x000000cd   Thumb Code    82  template.o(.text)
    NMI_Handler                              0x0000016d   Thumb Code     2  template.o(.text)
    HardFault_Handler                        0x0000016f   Thumb Code     2  template.o(.text)
    MemManage_Handler                        0x00000171   Thumb Code     2  template.o(.text)
    BusFault_Handler                         0x00000173   Thumb Code     2  template.o(.text)
    UsageFault_Handler                       0x00000175   Thumb Code     2  template.o(.text)
    SVC_Handler                              0x00000177   Thumb Code    86  template.o(.text)
    DebugMon_Handler                         0x000001cd   Thumb Code     2  template.o(.text)
    PendSV_Handler                           0x000001cf   Thumb Code     2  template.o(.text)
    SysTick_Handler                          0x000001d1   Thumb Code     2  template.o(.text)
    ADC_IRQHandler                           0x000001d3   Thumb Code     0  template.o(.text)
    BOD_IRQHandler                           0x000001d3   Thumb Code     0  template.o(.text)
    CANActivity_IRQHandler                   0x000001d3   Thumb Code     0  template.o(.text)
    CAN_IRQHandler                           0x000001d3   Thumb Code     0  template.o(.text)
    DMA_IRQHandler                           0x000001d3   Thumb Code     0  template.o(.text)
    EINT0_IRQHandler                         0x000001d3   Thumb Code     0  template.o(.text)
    EINT1_IRQHandler                         0x000001d3   Thumb Code     0  template.o(.text)
    EINT2_IRQHandler                         0x000001d3   Thumb Code     0  template.o(.text)
    EINT3_IRQHandler                         0x000001d3   Thumb Code     0  template.o(.text)
    ENET_IRQHandler                          0x000001d3   Thumb Code     0  template.o(.text)
    I2C0_IRQHandler                          0x000001d3   Thumb Code     0  template.o(.text)
    I2C1_IRQHandler                          0x000001d3   Thumb Code     0  template.o(.text)
    I2C2_IRQHandler                          0x000001d3   Thumb Code     0  template.o(.text)
    I2S_IRQHandler                           0x000001d3   Thumb Code     0  template.o(.text)
    MCPWM_IRQHandler                         0x000001d3   Thumb Code     0  template.o(.text)
    PLL0_IRQHandler                          0x000001d3   Thumb Code     0  template.o(.text)
    PLL1_IRQHandler                          0x000001d3   Thumb Code     0  template.o(.text)
    PWM1_IRQHandler                          0x000001d3   Thumb Code     0  template.o(.text)
    QEI_IRQHandler                           0x000001d3   Thumb Code     0  template.o(.text)
    RIT_IRQHandler                           0x000001d3   Thumb Code     0  template.o(.text)
    RTC_IRQHandler                           0x000001d3   Thumb Code     0  template.o(.text)
    SPI_IRQHandler                           0x000001d3   Thumb Code     0  template.o(.text)
    SSP0_IRQHandler                          0x000001d3   Thumb Code     0  template.o(.text)
    SSP1_IRQHandler                          0x000001d3   Thumb Code     0  template.o(.text)
    TIMER0_IRQHandler                        0x000001d3   Thumb Code     0  template.o(.text)
    TIMER1_IRQHandler                        0x000001d3   Thumb Code     0  template.o(.text)
    TIMER2_IRQHandler                        0x000001d3   Thumb Code     0  template.o(.text)
    TIMER3_IRQHandler                        0x000001d3   Thumb Code     0  template.o(.text)
    UART0_IRQHandler                         0x000001d3   Thumb Code     0  template.o(.text)
    UART1_IRQHandler                         0x000001d3   Thumb Code     0  template.o(.text)
    UART2_IRQHandler                         0x000001d3   Thumb Code     0  template.o(.text)
    UART3_IRQHandler                         0x000001d3   Thumb Code     0  template.o(.text)
    USBActivity_IRQHandler                   0x000001d3   Thumb Code     0  template.o(.text)
    USB_IRQHandler                           0x000001d3   Thumb Code     0  template.o(.text)
    WDT_IRQHandler                           0x000001d3   Thumb Code     0  template.o(.text)
    __initial_sp                             0x10000280   Data           0  template.o(STACK)



==============================================================================

Memory Map of the image

  Image Entry point : 0x000000cd

  Load Region LR_1 (Base: 0x00000000, Size: 0x00000380, Max: 0xffffffff, ABSOLUTE)

    Execution Region ER_RO (Exec base: 0x00000000, Load base: 0x00000000, Size: 0x00000300, Max: 0xffffffff, ABSOLUTE)

    Exec Addr    Load Addr    Size         Type   Attr      Idx    E Section Name        Object

    0x00000000   0x00000000   0x000000cc   Data   RO            3    RESET               template.o
    0x000000cc   0x000000cc   0x00000108   Code   RO            6  * .text               template.o
    0x000001d4   0x000001d4   0x00000128   PAD
    0x000002fc   0x000002fc   0x00000004   Code   RO            4    .ARM.__at_0x02FC    template.o


    Execution Region ER_RW (Exec base: 0x10000000, Load base: 0x00000300, Size: 0x00000080, Max: 0xffffffff, ABSOLUTE)

    Exec Addr    Load Addr    Size         Type   Attr      Idx    E Section Name        Object

    0x10000000   0x00000300   0x00000080   Data   RW            5    BellissimiDati      template.o


    Execution Region ER_ZI (Exec base: 0x10000080, Load base: 0x00000380, Size: 0x00000200, Max: 0xffffffff, ABSOLUTE)

    Exec Addr    Load Addr    Size         Type   Attr      Idx    E Section Name        Object

    0x10000080        -       0x00000200   Zero   RW            1    STACK               template.o


==============================================================================

Image component sizes


      Code (inc. data)   RO Data    RW Data    ZI Data      Debug   Object Name

       268         82        204        128        512       1104   template.o

    ----------------------------------------------------------------------
       564         82        204        128        512       1104   Object Totals
         0          0          0          0          0          0   (incl. Generated)
       296          0          0          0          0          0   (incl. Padding)

    ----------------------------------------------------------------------
         0          0          0          0          0          0   Library Totals
         0          0          0          0          0          0   (incl. Padding)

    ----------------------------------------------------------------------

==============================================================================


      Code (inc. data)   RO Data    RW Data    ZI Data      Debug   

       564         82        204        128        512       1104   Grand Totals
       564         82        204        128        512       1104   ELF Image Totals
       564         82        204        128          0          0   ROM Totals

==============================================================================

    Total RO  Size (Code + RO Data)                  768 (   0.75kB)
    Total RW  Size (RW Data + ZI Data)               640 (   0.63kB)
    Total ROM Size (Code + RO Data + RW Data)        896 (   0.88kB)

==============================================================================

