Component: ARM Compiler 5.06 update 7 (build 960) Tool: armlink [4d3601]

==============================================================================

Section Cross References

    startup_lpc17xx.o(STACK) refers (Special) to heapauxi.o(.text) for __use_two_region_memory
    startup_lpc17xx.o(HEAP) refers (Special) to heapauxi.o(.text) for __use_two_region_memory
    startup_lpc17xx.o(RESET) refers (Special) to heapauxi.o(.text) for __use_two_region_memory
    startup_lpc17xx.o(RESET) refers to startup_lpc17xx.o(STACK) for __initial_sp
    startup_lpc17xx.o(RESET) refers to startup_lpc17xx.o(.text) for Reset_Handler
    startup_lpc17xx.o(RESET) refers to irq_timer.o(.text) for TIMER0_IRQHandler
    startup_lpc17xx.o(RESET) refers to irq_button.o(.text) for EINT0_IRQHandler
    startup_lpc17xx.o(RESET) refers to irq_rit.o(.text) for RIT_IRQHandler
    startup_lpc17xx.o(.ARM.__at_0x02FC) refers (Special) to heapauxi.o(.text) for __use_two_region_memory
    startup_lpc17xx.o(.text) refers (Special) to heapauxi.o(.text) for __use_two_region_memory
    startup_lpc17xx.o(.text) refers to __main.o(!!!main) for __main
    startup_lpc17xx.o(.text) refers to startup_lpc17xx.o(HEAP) for Heap_Mem
    startup_lpc17xx.o(.text) refers to startup_lpc17xx.o(STACK) for Stack_Mem
    sample.o(.text) refers to system_lpc17xx.o(.text) for SystemInit
    sample.o(.text) refers to game.o(.text) for Setup
    sample.o(.text) refers to game.o(.data) for game_state
    game.o(.text) refers to _printf_percent.o(.ARM.Collect$$_printf_percent$$00000000) for _printf_percent
    game.o(.text) refers to _printf_u.o(.ARM.Collect$$_printf_percent$$0000000A) for _printf_u
    game.o(.text) refers to _printf_dec.o(.text) for _printf_int_dec
    game.o(.text) refers to ui.o(.text) for Update_UI
    game.o(.text) refers to noretval__2sprintf.o(.text) for __2sprintf
    game.o(.text) refers to draw.o(.text) for LCD_DrawRectWithShadow
    game.o(.text) refers to glcd.o(.text) for GUI_Text
    game.o(.text) refers to util_game.o(.text) for Draw_Checkers
    game.o(.text) refers to player.o(.text) for Draw_Player
    game.o(.text) refers to game.o(.bss) for .bss
    game.o(.text) refers to game.o(.data) for .data
    game.o(.text) refers to lib_timer.o(.text) for enable_timer
    game.o(.text) refers to wall.o(.text) for Remove_Wall
    util_game.o(.text) refers to glcd.o(.text) for LCD_Initialization
    util_game.o(.text) refers to lib_timer.o(.text) for init_timer
    util_game.o(.text) refers to lib_rit.o(.text) for init_RIT
    util_game.o(.text) refers to lib_button.o(.text) for BUTTON_init
    util_game.o(.text) refers to lib_joystick.o(.text) for joystick_init
    util_game.o(.text) refers to draw.o(.text) for LCD_DrawSquare
    util_game.o(.text) refers to player.o(.text) for Draw_Player
    util_game.o(.text) refers to wall.o(.text) for Draw_Wall
    util_game.o(.text) refers to rt_memclr_w.o(.text) for __aeabi_memclr4
    util_game.o(.text) refers to game.o(.bss) for player0
    util_game.o(.text) refers to game.o(.data) for current_player
    util_game.o(.text) refers to game.o(.bss) for WallMatrixPosition
    draw.o(.text) refers to glcd.o(.text) for LCD_DrawLine
    player.o(.text) refers to draw.o(.text) for LCD_FillSquare
    player.o(.text) refers to glcd.o(.text) for GUI_Text
    player.o(.text) refers to game.o(.text) for End_Turn
    player.o(.text) refers to game.o(.bss) for WallMatrixPosition
    player.o(.text) refers to game.o(.bss) for player0
    player.o(.text) refers to game.o(.data) for current_player
    ui.o(.text) refers to _printf_percent.o(.ARM.Collect$$_printf_percent$$00000000) for _printf_percent
    ui.o(.text) refers to _printf_u.o(.ARM.Collect$$_printf_percent$$0000000A) for _printf_u
    ui.o(.text) refers to _printf_dec.o(.text) for _printf_int_dec
    ui.o(.text) refers to rt_memcpy_w.o(.text) for __aeabi_memcpy4
    ui.o(.text) refers to draw.o(.text) for LCD_FillRect
    ui.o(.text) refers to glcd.o(.text) for GUI_Text
    ui.o(.text) refers to noretval__2sprintf.o(.text) for __2sprintf
    ui.o(.text) refers to dflt_clz.o(x$fpl$dflt) for __aeabi_i2d
    ui.o(.text) refers to daddsub_clz.o(x$fpl$dadd) for __aeabi_dadd
    ui.o(.text) refers to dfixu.o(x$fpl$dfixu) for __aeabi_d2uiz
    ui.o(.text) refers to util_game.o(.text) for wait_delay
    ui.o(.text) refers to game.o(.data) for time_value
    ui.o(.text) refers to game.o(.bss) for timer_ui
    wall.o(.text) refers to glcd.o(.text) for GUI_Text
    wall.o(.text) refers to draw.o(.text) for LCD_FillRect
    wall.o(.text) refers to util_game.o(.text) for Can_Place_Wall
    wall.o(.text) refers to ui.o(.text) for Update_Wall_UI
    wall.o(.text) refers to player.o(.text) for Remove_Hint_Move
    wall.o(.text) refers to game.o(.text) for End_Turn
    wall.o(.text) refers to game.o(.bss) for WallMatrixPosition
    wall.o(.text) refers to game.o(.data) for game_state
    wall.o(.text) refers to game.o(.bss) for player0
    system_lpc17xx.o(.text) refers to system_lpc17xx.o(.data) for .data
    irq_button.o(.text) refers to irq_rit.o(.data) for down_0
    irq_rit.o(.text) refers to game.o(.text) for Setup
    irq_rit.o(.text) refers to wall.o(.text) for Place_Wall
    irq_rit.o(.text) refers to lib_rit.o(.text) for reset_RIT
    irq_rit.o(.text) refers to game.o(.data) for cooldown
    irq_rit.o(.text) refers to irq_rit.o(.data) for .data
    irq_rit.o(.text) refers to game.o(.bss) for wall
    irq_timer.o(.text) refers to ui.o(.text) for Update_Timer_UI
    irq_timer.o(.text) refers to game.o(.text) for Timer_End_Turn
    irq_timer.o(.text) refers to game.o(.data) for started
    asciilib.o(.text) refers to rt_memcpy_v6.o(.text) for __aeabi_memcpy
    asciilib.o(.text) refers to asciilib.o(.constdata) for .constdata
    glcd.o(.text) refers to glcd.o(.data) for .data
    glcd.o(.text) refers to asciilib.o(.text) for GetASCIICode
    hzlib.o(.text) refers to rt_memcpy_v6.o(.text) for __aeabi_memcpy
    hzlib.o(.text) refers to hzlib.o(.constdata) for .constdata
    __2sprintf.o(.text) refers to _printf_char_common.o(.text) for _printf_char_common
    __2sprintf.o(.text) refers to _sputc.o(.text) for _sputc
    noretval__2sprintf.o(.text) refers to _printf_char_common.o(.text) for _printf_char_common
    noretval__2sprintf.o(.text) refers to _sputc.o(.text) for _sputc
    __printf.o(.text) refers to _printf_percent.o(.ARM.Collect$$_printf_percent$$00000000) for _printf_percent
    _printf_dec.o(.text) refers to _printf_intcommon.o(.text) for _printf_int_common
    __printf_flags.o(.text) refers to _printf_percent.o(.ARM.Collect$$_printf_percent$$00000000) for _printf_percent
    __printf_flags.o(.text) refers to __printf_flags.o(.constdata) for .constdata
    __printf_ss.o(.text) refers to _printf_percent.o(.ARM.Collect$$_printf_percent$$00000000) for _printf_percent
    __printf_flags_ss.o(.text) refers to _printf_percent.o(.ARM.Collect$$_printf_percent$$00000000) for _printf_percent
    __printf_flags_ss.o(.text) refers to __printf_flags_ss.o(.constdata) for .constdata
    __printf_wp.o(.text) refers to __printf_wp.o(i._is_digit) for _is_digit
    __printf_wp.o(.text) refers to _printf_percent.o(.ARM.Collect$$_printf_percent$$00000000) for _printf_percent
    __printf_flags_wp.o(.text) refers to __printf_wp.o(i._is_digit) for _is_digit
    __printf_flags_wp.o(.text) refers to _printf_percent.o(.ARM.Collect$$_printf_percent$$00000000) for _printf_percent
    __printf_flags_wp.o(.text) refers to __printf_flags_wp.o(.constdata) for .constdata
    __printf_ss_wp.o(.text) refers to __printf_wp.o(i._is_digit) for _is_digit
    __printf_ss_wp.o(.text) refers to _printf_percent.o(.ARM.Collect$$_printf_percent$$00000000) for _printf_percent
    __printf_flags_ss_wp.o(.text) refers to __printf_wp.o(i._is_digit) for _is_digit
    __printf_flags_ss_wp.o(.text) refers to _printf_percent.o(.ARM.Collect$$_printf_percent$$00000000) for _printf_percent
    __printf_flags_ss_wp.o(.text) refers to __printf_flags_ss_wp.o(.constdata) for .constdata
    _printf_u.o(.ARM.Collect$$_printf_percent$$0000000A) refers (Weak) to _printf_dec.o(.text) for _printf_int_dec
    _printf_percent.o(.ARM.Collect$$_printf_percent$$00000000) refers (Special) to _printf_percent_end.o(.ARM.Collect$$_printf_percent$$00000017) for _printf_percent_end
    rt_memcpy_v6.o(.text) refers to rt_memcpy_w.o(.text) for __aeabi_memcpy4
    __main.o(!!!main) refers to __rtentry.o(.ARM.Collect$$rtentry$$00000000) for __rt_entry
    daddsub_clz.o(x$fpl$dadd) refers (Special) to usenofp.o(x$fpl$usenofp) for __I$use$fp
    daddsub_clz.o(x$fpl$dadd) refers to daddsub_clz.o(x$fpl$dsub) for _dsub1
    daddsub_clz.o(x$fpl$dadd) refers to dretinf.o(x$fpl$dretinf) for __fpl_dretinf
    daddsub_clz.o(x$fpl$dadd) refers to dnaninf.o(x$fpl$dnaninf) for __fpl_dnaninf
    daddsub_clz.o(x$fpl$drsb) refers (Special) to usenofp.o(x$fpl$usenofp) for __I$use$fp
    daddsub_clz.o(x$fpl$drsb) refers to daddsub_clz.o(x$fpl$dadd) for _dadd1
    daddsub_clz.o(x$fpl$drsb) refers to daddsub_clz.o(x$fpl$dsub) for _dsub1
    daddsub_clz.o(x$fpl$dsub) refers (Special) to usenofp.o(x$fpl$usenofp) for __I$use$fp
    daddsub_clz.o(x$fpl$dsub) refers to daddsub_clz.o(x$fpl$dadd) for _dadd1
    daddsub_clz.o(x$fpl$dsub) refers to dnaninf.o(x$fpl$dnaninf) for __fpl_dnaninf
    dfixu.o(x$fpl$dfixu) refers (Special) to usenofp.o(x$fpl$usenofp) for __I$use$fp
    dfixu.o(x$fpl$dfixu) refers to dnaninf.o(x$fpl$dnaninf) for __fpl_dnaninf
    dfixu.o(x$fpl$dfixur) refers (Special) to usenofp.o(x$fpl$usenofp) for __I$use$fp
    dfixu.o(x$fpl$dfixur) refers to dnaninf.o(x$fpl$dnaninf) for __fpl_dnaninf
    dflt_clz.o(x$fpl$dfltu) refers (Special) to usenofp.o(x$fpl$usenofp) for __I$use$fp
    dflt_clz.o(x$fpl$dflt) refers (Special) to usenofp.o(x$fpl$usenofp) for __I$use$fp
    dflt_clz.o(x$fpl$dfltn) refers (Special) to usenofp.o(x$fpl$usenofp) for __I$use$fp
    __rtentry.o(.ARM.Collect$$rtentry$$00000000) refers (Special) to __rtentry2.o(.ARM.Collect$$rtentry$$0000000A) for __rt_entry_li
    __rtentry.o(.ARM.Collect$$rtentry$$00000000) refers (Special) to __rtentry2.o(.ARM.Collect$$rtentry$$0000000D) for __rt_entry_main
    __rtentry.o(.ARM.Collect$$rtentry$$00000000) refers (Special) to __rtentry2.o(.ARM.Collect$$rtentry$$0000000C) for __rt_entry_postli_1
    __rtentry.o(.ARM.Collect$$rtentry$$00000000) refers (Special) to __rtentry2.o(.ARM.Collect$$rtentry$$00000009) for __rt_entry_postsh_1
    __rtentry.o(.ARM.Collect$$rtentry$$00000000) refers (Special) to __rtentry2.o(.ARM.Collect$$rtentry$$00000002) for __rt_entry_presh_1
    __rtentry.o(.ARM.Collect$$rtentry$$00000000) refers (Special) to __rtentry4.o(.ARM.Collect$$rtentry$$00000004) for __rt_entry_sh
    _printf_char_common.o(.text) refers to __printf.o(.text) for __printf
    dnaninf.o(x$fpl$dnaninf) refers (Special) to usenofp.o(x$fpl$usenofp) for __I$use$fp
    dretinf.o(x$fpl$dretinf) refers (Special) to usenofp.o(x$fpl$usenofp) for __I$use$fp
    __rtentry2.o(.ARM.Collect$$rtentry$$00000008) refers to boardinit2.o(.text) for _platform_post_stackheap_init
    __rtentry2.o(.ARM.Collect$$rtentry$$0000000A) refers to libinit.o(.ARM.Collect$$libinit$$00000000) for __rt_lib_init
    __rtentry2.o(.ARM.Collect$$rtentry$$0000000B) refers to boardinit3.o(.text) for _platform_post_lib_init
    __rtentry2.o(.ARM.Collect$$rtentry$$0000000D) refers to sample.o(.text) for main
    __rtentry2.o(.ARM.Collect$$rtentry$$0000000D) refers to exit.o(.text) for exit
    __rtentry2.o(.ARM.exidx) refers to __rtentry2.o(.ARM.Collect$$rtentry$$00000001) for .ARM.Collect$$rtentry$$00000001
    __rtentry2.o(.ARM.exidx) refers to __rtentry2.o(.ARM.Collect$$rtentry$$00000008) for .ARM.Collect$$rtentry$$00000008
    __rtentry2.o(.ARM.exidx) refers to __rtentry2.o(.ARM.Collect$$rtentry$$0000000A) for .ARM.Collect$$rtentry$$0000000A
    __rtentry2.o(.ARM.exidx) refers to __rtentry2.o(.ARM.Collect$$rtentry$$0000000B) for .ARM.Collect$$rtentry$$0000000B
    __rtentry2.o(.ARM.exidx) refers to __rtentry2.o(.ARM.Collect$$rtentry$$0000000D) for .ARM.Collect$$rtentry$$0000000D
    __rtentry4.o(.ARM.Collect$$rtentry$$00000004) refers to sys_stackheap_outer.o(.text) for __user_setup_stackheap
    __rtentry4.o(.ARM.exidx) refers to __rtentry4.o(.ARM.Collect$$rtentry$$00000004) for .ARM.Collect$$rtentry$$00000004
    sys_stackheap_outer.o(.text) refers to libspace.o(.text) for __user_perproc_libspace
    sys_stackheap_outer.o(.text) refers to startup_lpc17xx.o(.text) for __user_initial_stackheap
    exit.o(.text) refers to rtexit.o(.ARM.Collect$$rtexit$$00000000) for __rt_exit
    libinit.o(.ARM.Collect$$libinit$$00000000) refers (Special) to libinit2.o(.ARM.Collect$$libinit$$0000002E) for __rt_lib_init_alloca_1
    libinit.o(.ARM.Collect$$libinit$$00000000) refers (Special) to libinit2.o(.ARM.Collect$$libinit$$0000002C) for __rt_lib_init_argv_1
    libinit.o(.ARM.Collect$$libinit$$00000000) refers (Special) to libinit2.o(.ARM.Collect$$libinit$$0000001B) for __rt_lib_init_atexit_1
    libinit.o(.ARM.Collect$$libinit$$00000000) refers (Special) to libinit2.o(.ARM.Collect$$libinit$$00000021) for __rt_lib_init_clock_1
    libinit.o(.ARM.Collect$$libinit$$00000000) refers (Special) to libinit2.o(.ARM.Collect$$libinit$$00000032) for __rt_lib_init_cpp_1
    libinit.o(.ARM.Collect$$libinit$$00000000) refers (Special) to libinit2.o(.ARM.Collect$$libinit$$00000030) for __rt_lib_init_exceptions_1
    libinit.o(.ARM.Collect$$libinit$$00000000) refers (Special) to libinit2.o(.ARM.Collect$$libinit$$00000002) for __rt_lib_init_fp_1
    libinit.o(.ARM.Collect$$libinit$$00000000) refers (Special) to libinit2.o(.ARM.Collect$$libinit$$0000001F) for __rt_lib_init_fp_trap_1
    libinit.o(.ARM.Collect$$libinit$$00000000) refers (Special) to libinit2.o(.ARM.Collect$$libinit$$00000023) for __rt_lib_init_getenv_1
    libinit.o(.ARM.Collect$$libinit$$00000000) refers (Special) to libinit2.o(.ARM.Collect$$libinit$$0000000A) for __rt_lib_init_heap_1
    libinit.o(.ARM.Collect$$libinit$$00000000) refers (Special) to libinit2.o(.ARM.Collect$$libinit$$00000011) for __rt_lib_init_lc_collate_1
    libinit.o(.ARM.Collect$$libinit$$00000000) refers (Special) to libinit2.o(.ARM.Collect$$libinit$$00000013) for __rt_lib_init_lc_ctype_1
    libinit.o(.ARM.Collect$$libinit$$00000000) refers (Special) to libinit2.o(.ARM.Collect$$libinit$$00000015) for __rt_lib_init_lc_monetary_1
    libinit.o(.ARM.Collect$$libinit$$00000000) refers (Special) to libinit2.o(.ARM.Collect$$libinit$$00000017) for __rt_lib_init_lc_numeric_1
    libinit.o(.ARM.Collect$$libinit$$00000000) refers (Special) to libinit2.o(.ARM.Collect$$libinit$$00000019) for __rt_lib_init_lc_time_1
    libinit.o(.ARM.Collect$$libinit$$00000000) refers (Special) to libinit2.o(.ARM.Collect$$libinit$$00000004) for __rt_lib_init_preinit_1
    libinit.o(.ARM.Collect$$libinit$$00000000) refers (Special) to libinit2.o(.ARM.Collect$$libinit$$0000000E) for __rt_lib_init_rand_1
    libinit.o(.ARM.Collect$$libinit$$00000000) refers (Special) to libinit2.o(.ARM.Collect$$libinit$$00000033) for __rt_lib_init_return
    libinit.o(.ARM.Collect$$libinit$$00000000) refers (Special) to libinit2.o(.ARM.Collect$$libinit$$0000001D) for __rt_lib_init_signal_1
    libinit.o(.ARM.Collect$$libinit$$00000000) refers (Special) to libinit2.o(.ARM.Collect$$libinit$$00000025) for __rt_lib_init_stdio_1
    libinit.o(.ARM.Collect$$libinit$$00000000) refers (Special) to libinit2.o(.ARM.Collect$$libinit$$0000000C) for __rt_lib_init_user_alloc_1
    libspace.o(.text) refers to libspace.o(.bss) for __libspace_start
    rtexit.o(.ARM.Collect$$rtexit$$00000000) refers (Special) to rtexit2.o(.ARM.Collect$$rtexit$$00000004) for __rt_exit_exit
    rtexit.o(.ARM.Collect$$rtexit$$00000000) refers (Special) to rtexit2.o(.ARM.Collect$$rtexit$$00000003) for __rt_exit_ls
    rtexit.o(.ARM.Collect$$rtexit$$00000000) refers (Special) to rtexit2.o(.ARM.Collect$$rtexit$$00000002) for __rt_exit_prels_1
    rtexit.o(.ARM.exidx) refers (Special) to rtexit2.o(.ARM.Collect$$rtexit$$00000004) for __rt_exit_exit
    rtexit.o(.ARM.exidx) refers (Special) to rtexit2.o(.ARM.Collect$$rtexit$$00000003) for __rt_exit_ls
    rtexit.o(.ARM.exidx) refers (Special) to rtexit2.o(.ARM.Collect$$rtexit$$00000002) for __rt_exit_prels_1
    rtexit.o(.ARM.exidx) refers to rtexit.o(.ARM.Collect$$rtexit$$00000000) for .ARM.Collect$$rtexit$$00000000
    libinit2.o(.ARM.Collect$$libinit$$00000010) refers to libinit2.o(.ARM.Collect$$libinit$$0000000F) for .ARM.Collect$$libinit$$0000000F
    libinit2.o(.ARM.Collect$$libinit$$00000012) refers to libinit2.o(.ARM.Collect$$libinit$$0000000F) for .ARM.Collect$$libinit$$0000000F
    libinit2.o(.ARM.Collect$$libinit$$00000014) refers to libinit2.o(.ARM.Collect$$libinit$$0000000F) for .ARM.Collect$$libinit$$0000000F
    libinit2.o(.ARM.Collect$$libinit$$00000016) refers to libinit2.o(.ARM.Collect$$libinit$$0000000F) for .ARM.Collect$$libinit$$0000000F
    libinit2.o(.ARM.Collect$$libinit$$00000018) refers to libinit2.o(.ARM.Collect$$libinit$$0000000F) for .ARM.Collect$$libinit$$0000000F
    libinit2.o(.ARM.Collect$$libinit$$00000026) refers to argv_veneer.o(.emb_text) for __ARM_argv_veneer
    libinit2.o(.ARM.Collect$$libinit$$00000027) refers to argv_veneer.o(.emb_text) for __ARM_argv_veneer
    rtexit2.o(.ARM.Collect$$rtexit$$00000003) refers to libshutdown.o(.ARM.Collect$$libshutdown$$00000000) for __rt_lib_shutdown
    rtexit2.o(.ARM.Collect$$rtexit$$00000004) refers to sys_exit.o(.text) for _sys_exit
    rtexit2.o(.ARM.exidx) refers to rtexit2.o(.ARM.Collect$$rtexit$$00000001) for .ARM.Collect$$rtexit$$00000001
    rtexit2.o(.ARM.exidx) refers to rtexit2.o(.ARM.Collect$$rtexit$$00000003) for .ARM.Collect$$rtexit$$00000003
    rtexit2.o(.ARM.exidx) refers to rtexit2.o(.ARM.Collect$$rtexit$$00000004) for .ARM.Collect$$rtexit$$00000004
    argv_veneer.o(.emb_text) refers to no_argv.o(.text) for __ARM_get_argv
    sys_exit.o(.text) refers (Special) to use_no_semi.o(.text) for __I$use$semihosting
    sys_exit.o(.text) refers (Special) to indicate_semi.o(.text) for __semihosting_library_function
    _get_argv_nomalloc.o(.text) refers (Special) to hrguard.o(.text) for __heap_region$guard
    _get_argv_nomalloc.o(.text) refers to defsig_rtmem_outer.o(.text) for __rt_SIGRTMEM
    _get_argv_nomalloc.o(.text) refers to sys_command.o(.text) for _sys_command_string
    libshutdown.o(.ARM.Collect$$libshutdown$$00000000) refers (Special) to libshutdown2.o(.ARM.Collect$$libshutdown$$00000004) for __rt_lib_shutdown_cpp_1
    libshutdown.o(.ARM.Collect$$libshutdown$$00000000) refers (Special) to libshutdown2.o(.ARM.Collect$$libshutdown$$00000002) for __rt_lib_shutdown_fini_1
    libshutdown.o(.ARM.Collect$$libshutdown$$00000000) refers (Special) to libshutdown2.o(.ARM.Collect$$libshutdown$$00000009) for __rt_lib_shutdown_fp_trap_1
    libshutdown.o(.ARM.Collect$$libshutdown$$00000000) refers (Special) to libshutdown2.o(.ARM.Collect$$libshutdown$$00000011) for __rt_lib_shutdown_heap_1
    libshutdown.o(.ARM.Collect$$libshutdown$$00000000) refers (Special) to libshutdown2.o(.ARM.Collect$$libshutdown$$00000012) for __rt_lib_shutdown_return
    libshutdown.o(.ARM.Collect$$libshutdown$$00000000) refers (Special) to libshutdown2.o(.ARM.Collect$$libshutdown$$0000000C) for __rt_lib_shutdown_signal_1
    libshutdown.o(.ARM.Collect$$libshutdown$$00000000) refers (Special) to libshutdown2.o(.ARM.Collect$$libshutdown$$00000006) for __rt_lib_shutdown_stdio_1
    libshutdown.o(.ARM.Collect$$libshutdown$$00000000) refers (Special) to libshutdown2.o(.ARM.Collect$$libshutdown$$0000000E) for __rt_lib_shutdown_user_alloc_1
    sys_command.o(.text) refers (Special) to use_no_semi.o(.text) for __I$use$semihosting
    sys_command.o(.text) refers (Special) to indicate_semi.o(.text) for __semihosting_library_function
    defsig_rtmem_outer.o(.text) refers to defsig_rtmem_inner.o(.text) for __rt_SIGRTMEM_inner
    defsig_rtmem_outer.o(.text) refers to defsig_exit.o(.text) for __sig_exit
    defsig_rtmem_formal.o(.text) refers to rt_raise.o(.text) for __rt_raise
    rt_raise.o(.text) refers to __raise.o(.text) for __raise
    rt_raise.o(.text) refers to sys_exit.o(.text) for _sys_exit
    defsig_exit.o(.text) refers to sys_exit.o(.text) for _sys_exit
    defsig_rtmem_inner.o(.text) refers to defsig_general.o(.text) for __default_signal_display
    __raise.o(.text) refers to defsig.o(CL$$defsig) for __default_signal_handler
    defsig_general.o(.text) refers to sys_wrch.o(.text) for _ttywrch
    sys_wrch.o(.text) refers (Special) to use_no_semi.o(.text) for __I$use$semihosting
    sys_wrch.o(.text) refers (Special) to indicate_semi.o(.text) for __semihosting_library_function
    defsig.o(CL$$defsig) refers to defsig_rtmem_inner.o(.text) for __rt_SIGRTMEM_inner
    defsig_abrt_inner.o(.text) refers to defsig_general.o(.text) for __default_signal_display
    defsig_fpe_inner.o(.text) refers to defsig_general.o(.text) for __default_signal_display
    defsig_rtred_inner.o(.text) refers to defsig_general.o(.text) for __default_signal_display
    defsig_stak_inner.o(.text) refers to defsig_general.o(.text) for __default_signal_display
    defsig_pvfn_inner.o(.text) refers to defsig_general.o(.text) for __default_signal_display
    defsig_cppl_inner.o(.text) refers to defsig_general.o(.text) for __default_signal_display
    defsig_segv_inner.o(.text) refers to defsig_general.o(.text) for __default_signal_display
    defsig_other.o(.text) refers to defsig_general.o(.text) for __default_signal_display


==============================================================================

Removing Unused input sections from the image.

    Removing sample.o(.rev16_text), (4 bytes).
    Removing sample.o(.revsh_text), (4 bytes).
    Removing sample.o(.rrx_text), (6 bytes).
    Removing game.o(.rev16_text), (4 bytes).
    Removing game.o(.revsh_text), (4 bytes).
    Removing game.o(.rrx_text), (6 bytes).
    Removing util_game.o(.rev16_text), (4 bytes).
    Removing util_game.o(.revsh_text), (4 bytes).
    Removing util_game.o(.rrx_text), (6 bytes).
    Removing draw.o(.rev16_text), (4 bytes).
    Removing draw.o(.revsh_text), (4 bytes).
    Removing draw.o(.rrx_text), (6 bytes).
    Removing player.o(.rev16_text), (4 bytes).
    Removing player.o(.revsh_text), (4 bytes).
    Removing player.o(.rrx_text), (6 bytes).
    Removing ui.o(.rev16_text), (4 bytes).
    Removing ui.o(.revsh_text), (4 bytes).
    Removing ui.o(.rrx_text), (6 bytes).
    Removing wall.o(.rev16_text), (4 bytes).
    Removing wall.o(.revsh_text), (4 bytes).
    Removing wall.o(.rrx_text), (6 bytes).
    Removing core_cm3.o(.emb_text), (32 bytes).
    Removing system_lpc17xx.o(.rev16_text), (4 bytes).
    Removing system_lpc17xx.o(.revsh_text), (4 bytes).
    Removing system_lpc17xx.o(.rrx_text), (6 bytes).
    Removing irq_button.o(.rev16_text), (4 bytes).
    Removing irq_button.o(.revsh_text), (4 bytes).
    Removing irq_button.o(.rrx_text), (6 bytes).
    Removing lib_button.o(.rev16_text), (4 bytes).
    Removing lib_button.o(.revsh_text), (4 bytes).
    Removing lib_button.o(.rrx_text), (6 bytes).
    Removing lib_joystick.o(.rev16_text), (4 bytes).
    Removing lib_joystick.o(.revsh_text), (4 bytes).
    Removing lib_joystick.o(.rrx_text), (6 bytes).
    Removing irq_rit.o(.rev16_text), (4 bytes).
    Removing irq_rit.o(.revsh_text), (4 bytes).
    Removing irq_rit.o(.rrx_text), (6 bytes).
    Removing lib_rit.o(.rev16_text), (4 bytes).
    Removing lib_rit.o(.revsh_text), (4 bytes).
    Removing lib_rit.o(.rrx_text), (6 bytes).
    Removing irq_timer.o(.rev16_text), (4 bytes).
    Removing irq_timer.o(.revsh_text), (4 bytes).
    Removing irq_timer.o(.rrx_text), (6 bytes).
    Removing lib_timer.o(.rev16_text), (4 bytes).
    Removing lib_timer.o(.revsh_text), (4 bytes).
    Removing lib_timer.o(.rrx_text), (6 bytes).
    Removing glcd.o(.rev16_text), (4 bytes).
    Removing glcd.o(.revsh_text), (4 bytes).
    Removing glcd.o(.rrx_text), (6 bytes).
    Removing hzlib.o(.text), (40 bytes).
    Removing hzlib.o(.constdata), (216576 bytes).

51 unused section(s) (total 216872 bytes) removed from the image.

==============================================================================

Image Symbol Table

    Local Symbols

    Symbol Name                              Value     Ov Type        Size  Object(Section)

    RESET                                    0x00000000   Section      204  startup_lpc17xx.o(RESET)
    ../clib/angel/boardlib.s                 0x00000000   Number         0  boardshut.o ABSOLUTE
    ../clib/angel/boardlib.s                 0x00000000   Number         0  boardinit3.o ABSOLUTE
    ../clib/angel/boardlib.s                 0x00000000   Number         0  boardinit2.o ABSOLUTE
    ../clib/angel/boardlib.s                 0x00000000   Number         0  boardinit1.o ABSOLUTE
    ../clib/angel/handlers.s                 0x00000000   Number         0  __scatter_zi.o ABSOLUTE
    ../clib/angel/handlers.s                 0x00000000   Number         0  __scatter_copy.o ABSOLUTE
    ../clib/angel/kernel.s                   0x00000000   Number         0  __rtentry.o ABSOLUTE
    ../clib/angel/kernel.s                   0x00000000   Number         0  rtexit2.o ABSOLUTE
    ../clib/angel/kernel.s                   0x00000000   Number         0  __rtentry4.o ABSOLUTE
    ../clib/angel/kernel.s                   0x00000000   Number         0  __rtentry2.o ABSOLUTE
    ../clib/angel/kernel.s                   0x00000000   Number         0  rtexit.o ABSOLUTE
    ../clib/angel/rt.s                       0x00000000   Number         0  rt_raise.o ABSOLUTE
    ../clib/angel/scatter.s                  0x00000000   Number         0  __scatter.o ABSOLUTE
    ../clib/angel/startup.s                  0x00000000   Number         0  __main.o ABSOLUTE
    ../clib/angel/sys.s                      0x00000000   Number         0  use_no_semi.o ABSOLUTE
    ../clib/angel/sys.s                      0x00000000   Number         0  sys_stackheap_outer.o ABSOLUTE
    ../clib/angel/sys.s                      0x00000000   Number         0  indicate_semi.o ABSOLUTE
    ../clib/angel/sys.s                      0x00000000   Number         0  libspace.o ABSOLUTE
    ../clib/angel/sysapp.c                   0x00000000   Number         0  sys_wrch.o ABSOLUTE
    ../clib/angel/sysapp.c                   0x00000000   Number         0  sys_exit.o ABSOLUTE
    ../clib/angel/sysapp.c                   0x00000000   Number         0  sys_command.o ABSOLUTE
    ../clib/armsys.c                         0x00000000   Number         0  argv_veneer.o ABSOLUTE
    ../clib/armsys.c                         0x00000000   Number         0  argv_veneer.o ABSOLUTE
    ../clib/armsys.c                         0x00000000   Number         0  no_argv.o ABSOLUTE
    ../clib/armsys.c                         0x00000000   Number         0  _get_argv_nomalloc.o ABSOLUTE
    ../clib/heapalloc.c                      0x00000000   Number         0  hrguard.o ABSOLUTE
    ../clib/heapaux.c                        0x00000000   Number         0  heapauxi.o ABSOLUTE
    ../clib/libinit.s                        0x00000000   Number         0  libinit.o ABSOLUTE
    ../clib/libinit.s                        0x00000000   Number         0  libshutdown.o ABSOLUTE
    ../clib/libinit.s                        0x00000000   Number         0  libshutdown2.o ABSOLUTE
    ../clib/libinit.s                        0x00000000   Number         0  libinit2.o ABSOLUTE
    ../clib/memcpset.s                       0x00000000   Number         0  rt_memcpy_w.o ABSOLUTE
    ../clib/memcpset.s                       0x00000000   Number         0  rt_memcpy_v6.o ABSOLUTE
    ../clib/memcpset.s                       0x00000000   Number         0  rt_memclr_w.o ABSOLUTE
    ../clib/printf.c                         0x00000000   Number         0  __printf_nopercent.o ABSOLUTE
    ../clib/printf.c                         0x00000000   Number         0  __printf.o ABSOLUTE
    ../clib/printf.c                         0x00000000   Number         0  noretval__2sprintf.o ABSOLUTE
    ../clib/printf.c                         0x00000000   Number         0  __2sprintf.o ABSOLUTE
    ../clib/printf.c                         0x00000000   Number         0  __printf_flags.o ABSOLUTE
    ../clib/printf.c                         0x00000000   Number         0  __printf_wp.o ABSOLUTE
    ../clib/printf.c                         0x00000000   Number         0  __printf_flags_wp.o ABSOLUTE
    ../clib/printf.c                         0x00000000   Number         0  __printf_ss_wp.o ABSOLUTE
    ../clib/printf.c                         0x00000000   Number         0  __printf_flags_ss_wp.o ABSOLUTE
    ../clib/printf.c                         0x00000000   Number         0  __printf_flags_ss.o ABSOLUTE
    ../clib/printf.c                         0x00000000   Number         0  __printf_ss.o ABSOLUTE
    ../clib/printf.c                         0x00000000   Number         0  _sputc.o ABSOLUTE
    ../clib/printf.c                         0x00000000   Number         0  _printf_dec.o ABSOLUTE
    ../clib/printf.c                         0x00000000   Number         0  _printf_char_common.o ABSOLUTE
    ../clib/printf.c                         0x00000000   Number         0  _printf_intcommon.o ABSOLUTE
    ../clib/printf_percent.s                 0x00000000   Number         0  _printf_u.o ABSOLUTE
    ../clib/printf_percent.s                 0x00000000   Number         0  _printf_percent.o ABSOLUTE
    ../clib/printf_percent.s                 0x00000000   Number         0  _printf_percent_end.o ABSOLUTE
    ../clib/signal.c                         0x00000000   Number         0  defsig_fpe_inner.o ABSOLUTE
    ../clib/signal.c                         0x00000000   Number         0  defsig_cppl_inner.o ABSOLUTE
    ../clib/signal.c                         0x00000000   Number         0  defsig_rtred_inner.o ABSOLUTE
    ../clib/signal.c                         0x00000000   Number         0  defsig_stak_inner.o ABSOLUTE
    ../clib/signal.c                         0x00000000   Number         0  defsig_pvfn_inner.o ABSOLUTE
    ../clib/signal.c                         0x00000000   Number         0  __raise.o ABSOLUTE
    ../clib/signal.c                         0x00000000   Number         0  defsig_rtmem_inner.o ABSOLUTE
    ../clib/signal.c                         0x00000000   Number         0  defsig_exit.o ABSOLUTE
    ../clib/signal.c                         0x00000000   Number         0  defsig_general.o ABSOLUTE
    ../clib/signal.c                         0x00000000   Number         0  defsig_segv_inner.o ABSOLUTE
    ../clib/signal.c                         0x00000000   Number         0  defsig_other.o ABSOLUTE
    ../clib/signal.c                         0x00000000   Number         0  defsig_rtmem_formal.o ABSOLUTE
    ../clib/signal.c                         0x00000000   Number         0  defsig_rtmem_outer.o ABSOLUTE
    ../clib/signal.c                         0x00000000   Number         0  defsig_abrt_inner.o ABSOLUTE
    ../clib/signal.s                         0x00000000   Number         0  defsig.o ABSOLUTE
    ../clib/stdlib.c                         0x00000000   Number         0  exit.o ABSOLUTE
    ../fplib/daddsub.s                       0x00000000   Number         0  daddsub_clz.o ABSOLUTE
    ../fplib/dfixu.s                         0x00000000   Number         0  dfixu.o ABSOLUTE
    ../fplib/dflt.s                          0x00000000   Number         0  dflt_clz.o ABSOLUTE
    ../fplib/dnaninf.s                       0x00000000   Number         0  dnaninf.o ABSOLUTE
    ../fplib/dretinf.s                       0x00000000   Number         0  dretinf.o ABSOLUTE
    ../fplib/fpinit.s                        0x00000000   Number         0  fpinit.o ABSOLUTE
    ../fplib/usenofp.s                       0x00000000   Number         0  usenofp.o ABSOLUTE
    Draw\\draw.c                             0x00000000   Number         0  draw.o ABSOLUTE
    Draw\draw.c                              0x00000000   Number         0  draw.o ABSOLUTE
    GLCD\AsciiLib.c                          0x00000000   Number         0  asciilib.o ABSOLUTE
    GLCD\GLCD.c                              0x00000000   Number         0  glcd.o ABSOLUTE
    GLCD\HzLib.c                             0x00000000   Number         0  hzlib.o ABSOLUTE
    GLCD\\GLCD.c                             0x00000000   Number         0  glcd.o ABSOLUTE
    Game\\game.c                             0x00000000   Number         0  game.o ABSOLUTE
    Game\\util_game.c                        0x00000000   Number         0  util_game.o ABSOLUTE
    Game\game.c                              0x00000000   Number         0  game.o ABSOLUTE
    Game\util_game.c                         0x00000000   Number         0  util_game.o ABSOLUTE
    Player\\player.c                         0x00000000   Number         0  player.o ABSOLUTE
    Player\player.c                          0x00000000   Number         0  player.o ABSOLUTE
    RIT\IRQ_RIT.c                            0x00000000   Number         0  irq_rit.o ABSOLUTE
    RIT\\IRQ_RIT.c                           0x00000000   Number         0  irq_rit.o ABSOLUTE
    RIT\\lib_RIT.c                           0x00000000   Number         0  lib_rit.o ABSOLUTE
    RIT\lib_RIT.c                            0x00000000   Number         0  lib_rit.o ABSOLUTE
    UI\\ui.c                                 0x00000000   Number         0  ui.o ABSOLUTE
    UI\ui.c                                  0x00000000   Number         0  ui.o ABSOLUTE
    Wall\\wall.c                             0x00000000   Number         0  wall.o ABSOLUTE
    Wall\wall.c                              0x00000000   Number         0  wall.o ABSOLUTE
    button_EXINT\IRQ_button.c                0x00000000   Number         0  irq_button.o ABSOLUTE
    button_EXINT\\IRQ_button.c               0x00000000   Number         0  irq_button.o ABSOLUTE
    button_EXINT\\lib_button.c               0x00000000   Number         0  lib_button.o ABSOLUTE
    button_EXINT\lib_button.c                0x00000000   Number         0  lib_button.o ABSOLUTE
    core_cm3.c                               0x00000000   Number         0  core_cm3.o ABSOLUTE
    core_cm3.c                               0x00000000   Number         0  core_cm3.o ABSOLUTE
    dc.s                                     0x00000000   Number         0  dc.o ABSOLUTE
    joystick\\lib_joystick.c                 0x00000000   Number         0  lib_joystick.o ABSOLUTE
    joystick\lib_joystick.c                  0x00000000   Number         0  lib_joystick.o ABSOLUTE
    sample.c                                 0x00000000   Number         0  sample.o ABSOLUTE
    sample.c                                 0x00000000   Number         0  sample.o ABSOLUTE
    startup_LPC17xx.s                        0x00000000   Number         0  startup_lpc17xx.o ABSOLUTE
    system_LPC17xx.c                         0x00000000   Number         0  system_lpc17xx.o ABSOLUTE
    system_LPC17xx.c                         0x00000000   Number         0  system_lpc17xx.o ABSOLUTE
    timer\IRQ_timer.c                        0x00000000   Number         0  irq_timer.o ABSOLUTE
    timer\\IRQ_timer.c                       0x00000000   Number         0  irq_timer.o ABSOLUTE
    timer\\lib_timer.c                       0x00000000   Number         0  lib_timer.o ABSOLUTE
    timer\lib_timer.c                        0x00000000   Number         0  lib_timer.o ABSOLUTE
    !!!main                                  0x000000cc   Section        8  __main.o(!!!main)
    !!!scatter                               0x000000d4   Section       52  __scatter.o(!!!scatter)
    !!handler_copy                           0x00000108   Section       26  __scatter_copy.o(!!handler_copy)
    !!handler_zi                             0x00000124   Section       28  __scatter_zi.o(!!handler_zi)
    .ARM.Collect$$_printf_percent$$00000000  0x00000140   Section        0  _printf_percent.o(.ARM.Collect$$_printf_percent$$00000000)
    .ARM.Collect$$_printf_percent$$0000000A  0x00000140   Section        6  _printf_u.o(.ARM.Collect$$_printf_percent$$0000000A)
    .ARM.Collect$$_printf_percent$$00000017  0x00000146   Section        4  _printf_percent_end.o(.ARM.Collect$$_printf_percent$$00000017)
    .ARM.Collect$$libinit$$00000000          0x0000014a   Section        2  libinit.o(.ARM.Collect$$libinit$$00000000)
    .ARM.Collect$$libinit$$00000002          0x0000014c   Section        0  libinit2.o(.ARM.Collect$$libinit$$00000002)
    .ARM.Collect$$libinit$$00000004          0x0000014c   Section        0  libinit2.o(.ARM.Collect$$libinit$$00000004)
    .ARM.Collect$$libinit$$0000000A          0x0000014c   Section        0  libinit2.o(.ARM.Collect$$libinit$$0000000A)
    .ARM.Collect$$libinit$$0000000C          0x0000014c   Section        0  libinit2.o(.ARM.Collect$$libinit$$0000000C)
    .ARM.Collect$$libinit$$0000000E          0x0000014c   Section        0  libinit2.o(.ARM.Collect$$libinit$$0000000E)
    .ARM.Collect$$libinit$$00000011          0x0000014c   Section        0  libinit2.o(.ARM.Collect$$libinit$$00000011)
    .ARM.Collect$$libinit$$00000013          0x0000014c   Section        0  libinit2.o(.ARM.Collect$$libinit$$00000013)
    .ARM.Collect$$libinit$$00000015          0x0000014c   Section        0  libinit2.o(.ARM.Collect$$libinit$$00000015)
    .ARM.Collect$$libinit$$00000017          0x0000014c   Section        0  libinit2.o(.ARM.Collect$$libinit$$00000017)
    .ARM.Collect$$libinit$$00000019          0x0000014c   Section        0  libinit2.o(.ARM.Collect$$libinit$$00000019)
    .ARM.Collect$$libinit$$0000001B          0x0000014c   Section        0  libinit2.o(.ARM.Collect$$libinit$$0000001B)
    .ARM.Collect$$libinit$$0000001D          0x0000014c   Section        0  libinit2.o(.ARM.Collect$$libinit$$0000001D)
    .ARM.Collect$$libinit$$0000001F          0x0000014c   Section        0  libinit2.o(.ARM.Collect$$libinit$$0000001F)
    .ARM.Collect$$libinit$$00000021          0x0000014c   Section        0  libinit2.o(.ARM.Collect$$libinit$$00000021)
    .ARM.Collect$$libinit$$00000023          0x0000014c   Section        0  libinit2.o(.ARM.Collect$$libinit$$00000023)
    .ARM.Collect$$libinit$$00000025          0x0000014c   Section        0  libinit2.o(.ARM.Collect$$libinit$$00000025)
    .ARM.Collect$$libinit$$0000002C          0x0000014c   Section        0  libinit2.o(.ARM.Collect$$libinit$$0000002C)
    .ARM.Collect$$libinit$$0000002E          0x0000014c   Section        0  libinit2.o(.ARM.Collect$$libinit$$0000002E)
    .ARM.Collect$$libinit$$00000030          0x0000014c   Section        0  libinit2.o(.ARM.Collect$$libinit$$00000030)
    .ARM.Collect$$libinit$$00000032          0x0000014c   Section        0  libinit2.o(.ARM.Collect$$libinit$$00000032)
    .ARM.Collect$$libinit$$00000033          0x0000014c   Section        2  libinit2.o(.ARM.Collect$$libinit$$00000033)
    .ARM.Collect$$libshutdown$$00000000      0x0000014e   Section        2  libshutdown.o(.ARM.Collect$$libshutdown$$00000000)
    .ARM.Collect$$libshutdown$$00000002      0x00000150   Section        0  libshutdown2.o(.ARM.Collect$$libshutdown$$00000002)
    .ARM.Collect$$libshutdown$$00000004      0x00000150   Section        0  libshutdown2.o(.ARM.Collect$$libshutdown$$00000004)
    .ARM.Collect$$libshutdown$$00000006      0x00000150   Section        0  libshutdown2.o(.ARM.Collect$$libshutdown$$00000006)
    .ARM.Collect$$libshutdown$$00000009      0x00000150   Section        0  libshutdown2.o(.ARM.Collect$$libshutdown$$00000009)
    .ARM.Collect$$libshutdown$$0000000C      0x00000150   Section        0  libshutdown2.o(.ARM.Collect$$libshutdown$$0000000C)
    .ARM.Collect$$libshutdown$$0000000E      0x00000150   Section        0  libshutdown2.o(.ARM.Collect$$libshutdown$$0000000E)
    .ARM.Collect$$libshutdown$$00000011      0x00000150   Section        0  libshutdown2.o(.ARM.Collect$$libshutdown$$00000011)
    .ARM.Collect$$libshutdown$$00000012      0x00000150   Section        2  libshutdown2.o(.ARM.Collect$$libshutdown$$00000012)
    .ARM.Collect$$rtentry$$00000000          0x00000152   Section        0  __rtentry.o(.ARM.Collect$$rtentry$$00000000)
    .ARM.Collect$$rtentry$$00000002          0x00000152   Section        0  __rtentry2.o(.ARM.Collect$$rtentry$$00000002)
    .ARM.Collect$$rtentry$$00000004          0x00000152   Section        6  __rtentry4.o(.ARM.Collect$$rtentry$$00000004)
    .ARM.Collect$$rtentry$$00000009          0x00000158   Section        0  __rtentry2.o(.ARM.Collect$$rtentry$$00000009)
    .ARM.Collect$$rtentry$$0000000A          0x00000158   Section        4  __rtentry2.o(.ARM.Collect$$rtentry$$0000000A)
    .ARM.Collect$$rtentry$$0000000C          0x0000015c   Section        0  __rtentry2.o(.ARM.Collect$$rtentry$$0000000C)
    .ARM.Collect$$rtentry$$0000000D          0x0000015c   Section        8  __rtentry2.o(.ARM.Collect$$rtentry$$0000000D)
    .ARM.Collect$$rtexit$$00000000           0x00000164   Section        2  rtexit.o(.ARM.Collect$$rtexit$$00000000)
    .ARM.Collect$$rtexit$$00000002           0x00000166   Section        0  rtexit2.o(.ARM.Collect$$rtexit$$00000002)
    .ARM.Collect$$rtexit$$00000003           0x00000166   Section        4  rtexit2.o(.ARM.Collect$$rtexit$$00000003)
    .ARM.Collect$$rtexit$$00000004           0x0000016a   Section        6  rtexit2.o(.ARM.Collect$$rtexit$$00000004)
    .text                                    0x00000170   Section       52  startup_lpc17xx.o(.text)
    .text                                    0x000001a4   Section        0  sample.o(.text)
    .text                                    0x000001d4   Section        0  irq_button.o(.text)
    __NVIC_DisableIRQ                        0x0000024d   Thumb Code    34  irq_button.o(.text)
    .text                                    0x00000284   Section        0  lib_joystick.o(.text)
    .text                                    0x000002e4   Section        0  asciilib.o(.text)
    .text                                    0x000002f8   Section        2  use_no_semi.o(.text)
    .text                                    0x000002fa   Section        0  indicate_semi.o(.text)
    x$fpl$usenofp                            0x000002fa   Section        0  usenofp.o(x$fpl$usenofp)
    .ARM.__at_0x02FC                         0x000002fc   Section        4  startup_lpc17xx.o(.ARM.__at_0x02FC)
    .text                                    0x00000300   Section        0  game.o(.text)
    .text                                    0x00000bd8   Section        0  util_game.o(.text)
    .text                                    0x00000f40   Section        0  draw.o(.text)
    .text                                    0x0000119c   Section        0  player.o(.text)
    .text                                    0x000014f4   Section        0  ui.o(.text)
    .text                                    0x00001710   Section        0  wall.o(.text)
    .text                                    0x000019f8   Section        0  system_lpc17xx.o(.text)
    .text                                    0x00001b74   Section        0  lib_button.o(.text)
    __NVIC_EnableIRQ                         0x00001c25   Thumb Code    26  lib_button.o(.text)
    __NVIC_DisableIRQ                        0x00001c3f   Thumb Code    34  lib_button.o(.text)
    __NVIC_SetPriority                       0x00001c61   Thumb Code    32  lib_button.o(.text)
    .text                                    0x00001c8c   Section        0  irq_rit.o(.text)
    __NVIC_EnableIRQ                         0x00001e67   Thumb Code    26  irq_rit.o(.text)
    .text                                    0x00001ea8   Section        0  lib_rit.o(.text)
    .text                                    0x00001f10   Section        0  irq_timer.o(.text)
    .text                                    0x00001f64   Section        0  lib_timer.o(.text)
    __NVIC_EnableIRQ                         0x0000201d   Thumb Code    26  lib_timer.o(.text)
    .text                                    0x00002044   Section        0  glcd.o(.text)
    LCD_SetCursor                            0x00002045   Thumb Code  1004  glcd.o(.text)
    delay_ms                                 0x000045f9   Thumb Code    28  glcd.o(.text)
    .text                                    0x00004614   Section        0  noretval__2sprintf.o(.text)
    .text                                    0x0000463c   Section        0  __printf.o(.text)
    .text                                    0x000046a4   Section        0  _printf_dec.o(.text)
    .text                                    0x0000471c   Section      138  rt_memcpy_v6.o(.text)
    .text                                    0x000047a6   Section      100  rt_memcpy_w.o(.text)
    .text                                    0x0000480a   Section       78  rt_memclr_w.o(.text)
    .text                                    0x00004858   Section        0  heapauxi.o(.text)
    .text                                    0x0000485e   Section        0  _printf_intcommon.o(.text)
    .text                                    0x00004910   Section        0  _printf_char_common.o(.text)
    _printf_input_char                       0x00004911   Thumb Code    10  _printf_char_common.o(.text)
    .text                                    0x00004940   Section        0  _sputc.o(.text)
    .text                                    0x0000494a   Section       74  sys_stackheap_outer.o(.text)
    .text                                    0x00004994   Section        0  exit.o(.text)
    .text                                    0x000049a8   Section        8  libspace.o(.text)
    .text                                    0x000049b0   Section        0  sys_exit.o(.text)
    x$fpl$dadd                               0x000049bc   Section      336  daddsub_clz.o(x$fpl$dadd)
    _dadd1                                   0x000049cd   Thumb Code     0  daddsub_clz.o(x$fpl$dadd)
    x$fpl$dfixu                              0x00004b0c   Section       90  dfixu.o(x$fpl$dfixu)
    x$fpl$dflt                               0x00004b66   Section       46  dflt_clz.o(x$fpl$dflt)
    x$fpl$dnaninf                            0x00004b94   Section      156  dnaninf.o(x$fpl$dnaninf)
    x$fpl$dretinf                            0x00004c30   Section       12  dretinf.o(x$fpl$dretinf)
    x$fpl$dsub                               0x00004c3c   Section      468  daddsub_clz.o(x$fpl$dsub)
    _dsub1                                   0x00004c4d   Thumb Code     0  daddsub_clz.o(x$fpl$dsub)
    .constdata                               0x00004e10   Section     1520  asciilib.o(.constdata)
    AsciiLib                                 0x00004e10   Data        1520  asciilib.o(.constdata)
    STACK                                    0x10000000   Section     1024  startup_lpc17xx.o(STACK)
    Stack_Mem                                0x10000000   Data        1024  startup_lpc17xx.o(STACK)
    __initial_sp                             0x10000400   Data           0  startup_lpc17xx.o(STACK)
    .data                                    0x2007c000   Section       24  game.o(.data)
    .data                                    0x2007c018   Section        4  system_lpc17xx.o(.data)
    .data                                    0x2007c01c   Section        8  irq_rit.o(.data)
    j_select                                 0x2007c01f   Data           1  irq_rit.o(.data)
    j_left                                   0x2007c020   Data           1  irq_rit.o(.data)
    j_right                                  0x2007c021   Data           1  irq_rit.o(.data)
    j_down                                   0x2007c022   Data           1  irq_rit.o(.data)
    j_up                                     0x2007c023   Data           1  irq_rit.o(.data)
    .data                                    0x2007c024   Section        1  glcd.o(.data)
    LCD_Code                                 0x2007c024   Data           1  glcd.o(.data)
    .bss                                     0x2007c028   Section      144  game.o(.bss)
    .bss                                     0x2007c0b8   Section      120  game.o(.bss)
    .bss                                     0x2007c130   Section       96  libspace.o(.bss)
    HEAP                                     0x2007c190   Section        0  startup_lpc17xx.o(HEAP)
    Heap_Mem                                 0x2007c190   Data           0  startup_lpc17xx.o(HEAP)

    Global Symbols

    Symbol Name                              Value     Ov Type        Size  Object(Section)

    BuildAttributes$$THM_ISAv4$P$D$K$B$S$PE$A:L22UL41UL21$X:L11$S22US41US21$IEEE1$IW$USESV6$~STKCKD$USESV7$ENUMINT$~SHL$OSPACE$ROPI$EBA8$UX$STANDARDLIB$REQ8$PRES8$EABIv2 0x00000000   Number         0  anon$$obj.o ABSOLUTE
    __ARM_use_no_argv                        0x00000000   Number         0  sample.o ABSOLUTE
    __Vectors                                0x00000000   Data           4  startup_lpc17xx.o(RESET)
    __ARM_exceptions_init                     - Undefined Weak Reference
    __alloca_initialize                       - Undefined Weak Reference
    __arm_fini_                               - Undefined Weak Reference
    __arm_preinit_                            - Undefined Weak Reference
    __cpp_initialize__aeabi_                  - Undefined Weak Reference
    __cxa_finalize                            - Undefined Weak Reference
    __rt_locale                               - Undefined Weak Reference
    __sigvec_lookup                           - Undefined Weak Reference
    _atexit_init                              - Undefined Weak Reference
    _call_atexit_fns                          - Undefined Weak Reference
    _clock_init                               - Undefined Weak Reference
    _fp_trap_init                             - Undefined Weak Reference
    _fp_trap_shutdown                         - Undefined Weak Reference
    _get_lc_collate                           - Undefined Weak Reference
    _get_lc_ctype                             - Undefined Weak Reference
    _get_lc_monetary                          - Undefined Weak Reference
    _get_lc_numeric                           - Undefined Weak Reference
    _get_lc_time                              - Undefined Weak Reference
    _getenv_init                              - Undefined Weak Reference
    _handle_redirection                       - Undefined Weak Reference
    _init_alloc                               - Undefined Weak Reference
    _init_user_alloc                          - Undefined Weak Reference
    _initio                                   - Undefined Weak Reference
    _printf_post_padding                      - Undefined Weak Reference
    _printf_pre_padding                       - Undefined Weak Reference
    _printf_truncate_signed                   - Undefined Weak Reference
    _printf_truncate_unsigned                 - Undefined Weak Reference
    _rand_init                                - Undefined Weak Reference
    _signal_finish                            - Undefined Weak Reference
    _signal_init                              - Undefined Weak Reference
    _terminate_alloc                          - Undefined Weak Reference
    _terminate_user_alloc                     - Undefined Weak Reference
    _terminateio                              - Undefined Weak Reference
    __main                                   0x000000cd   Thumb Code     8  __main.o(!!!main)
    __scatterload                            0x000000d5   Thumb Code     0  __scatter.o(!!!scatter)
    __scatterload_rt2                        0x000000d5   Thumb Code    44  __scatter.o(!!!scatter)
    __scatterload_rt2_thumb_only             0x000000d5   Thumb Code     0  __scatter.o(!!!scatter)
    __scatterload_null                       0x000000e3   Thumb Code     0  __scatter.o(!!!scatter)
    __scatterload_copy                       0x00000109   Thumb Code    26  __scatter_copy.o(!!handler_copy)
    __scatterload_zeroinit                   0x00000125   Thumb Code    28  __scatter_zi.o(!!handler_zi)
    _printf_percent                          0x00000141   Thumb Code     0  _printf_percent.o(.ARM.Collect$$_printf_percent$$00000000)
    _printf_u                                0x00000141   Thumb Code     0  _printf_u.o(.ARM.Collect$$_printf_percent$$0000000A)
    _printf_percent_end                      0x00000147   Thumb Code     0  _printf_percent_end.o(.ARM.Collect$$_printf_percent$$00000017)
    __rt_lib_init                            0x0000014b   Thumb Code     0  libinit.o(.ARM.Collect$$libinit$$00000000)
    __rt_lib_init_alloca_1                   0x0000014d   Thumb Code     0  libinit2.o(.ARM.Collect$$libinit$$0000002E)
    __rt_lib_init_argv_1                     0x0000014d   Thumb Code     0  libinit2.o(.ARM.Collect$$libinit$$0000002C)
    __rt_lib_init_atexit_1                   0x0000014d   Thumb Code     0  libinit2.o(.ARM.Collect$$libinit$$0000001B)
    __rt_lib_init_clock_1                    0x0000014d   Thumb Code     0  libinit2.o(.ARM.Collect$$libinit$$00000021)
    __rt_lib_init_cpp_1                      0x0000014d   Thumb Code     0  libinit2.o(.ARM.Collect$$libinit$$00000032)
    __rt_lib_init_exceptions_1               0x0000014d   Thumb Code     0  libinit2.o(.ARM.Collect$$libinit$$00000030)
    __rt_lib_init_fp_1                       0x0000014d   Thumb Code     0  libinit2.o(.ARM.Collect$$libinit$$00000002)
    __rt_lib_init_fp_trap_1                  0x0000014d   Thumb Code     0  libinit2.o(.ARM.Collect$$libinit$$0000001F)
    __rt_lib_init_getenv_1                   0x0000014d   Thumb Code     0  libinit2.o(.ARM.Collect$$libinit$$00000023)
    __rt_lib_init_heap_1                     0x0000014d   Thumb Code     0  libinit2.o(.ARM.Collect$$libinit$$0000000A)
    __rt_lib_init_lc_collate_1               0x0000014d   Thumb Code     0  libinit2.o(.ARM.Collect$$libinit$$00000011)
    __rt_lib_init_lc_ctype_1                 0x0000014d   Thumb Code     0  libinit2.o(.ARM.Collect$$libinit$$00000013)
    __rt_lib_init_lc_monetary_1              0x0000014d   Thumb Code     0  libinit2.o(.ARM.Collect$$libinit$$00000015)
    __rt_lib_init_lc_numeric_1               0x0000014d   Thumb Code     0  libinit2.o(.ARM.Collect$$libinit$$00000017)
    __rt_lib_init_lc_time_1                  0x0000014d   Thumb Code     0  libinit2.o(.ARM.Collect$$libinit$$00000019)
    __rt_lib_init_preinit_1                  0x0000014d   Thumb Code     0  libinit2.o(.ARM.Collect$$libinit$$00000004)
    __rt_lib_init_rand_1                     0x0000014d   Thumb Code     0  libinit2.o(.ARM.Collect$$libinit$$0000000E)
    __rt_lib_init_return                     0x0000014d   Thumb Code     0  libinit2.o(.ARM.Collect$$libinit$$00000033)
    __rt_lib_init_signal_1                   0x0000014d   Thumb Code     0  libinit2.o(.ARM.Collect$$libinit$$0000001D)
    __rt_lib_init_stdio_1                    0x0000014d   Thumb Code     0  libinit2.o(.ARM.Collect$$libinit$$00000025)
    __rt_lib_init_user_alloc_1               0x0000014d   Thumb Code     0  libinit2.o(.ARM.Collect$$libinit$$0000000C)
    __rt_lib_shutdown                        0x0000014f   Thumb Code     0  libshutdown.o(.ARM.Collect$$libshutdown$$00000000)
    __rt_lib_shutdown_cpp_1                  0x00000151   Thumb Code     0  libshutdown2.o(.ARM.Collect$$libshutdown$$00000004)
    __rt_lib_shutdown_fini_1                 0x00000151   Thumb Code     0  libshutdown2.o(.ARM.Collect$$libshutdown$$00000002)
    __rt_lib_shutdown_fp_trap_1              0x00000151   Thumb Code     0  libshutdown2.o(.ARM.Collect$$libshutdown$$00000009)
    __rt_lib_shutdown_heap_1                 0x00000151   Thumb Code     0  libshutdown2.o(.ARM.Collect$$libshutdown$$00000011)
    __rt_lib_shutdown_return                 0x00000151   Thumb Code     0  libshutdown2.o(.ARM.Collect$$libshutdown$$00000012)
    __rt_lib_shutdown_signal_1               0x00000151   Thumb Code     0  libshutdown2.o(.ARM.Collect$$libshutdown$$0000000C)
    __rt_lib_shutdown_stdio_1                0x00000151   Thumb Code     0  libshutdown2.o(.ARM.Collect$$libshutdown$$00000006)
    __rt_lib_shutdown_user_alloc_1           0x00000151   Thumb Code     0  libshutdown2.o(.ARM.Collect$$libshutdown$$0000000E)
    __rt_entry                               0x00000153   Thumb Code     0  __rtentry.o(.ARM.Collect$$rtentry$$00000000)
    __rt_entry_presh_1                       0x00000153   Thumb Code     0  __rtentry2.o(.ARM.Collect$$rtentry$$00000002)
    __rt_entry_sh                            0x00000153   Thumb Code     0  __rtentry4.o(.ARM.Collect$$rtentry$$00000004)
    __rt_entry_li                            0x00000159   Thumb Code     0  __rtentry2.o(.ARM.Collect$$rtentry$$0000000A)
    __rt_entry_postsh_1                      0x00000159   Thumb Code     0  __rtentry2.o(.ARM.Collect$$rtentry$$00000009)
    __rt_entry_main                          0x0000015d   Thumb Code     0  __rtentry2.o(.ARM.Collect$$rtentry$$0000000D)
    __rt_entry_postli_1                      0x0000015d   Thumb Code     0  __rtentry2.o(.ARM.Collect$$rtentry$$0000000C)
    __rt_exit                                0x00000165   Thumb Code     0  rtexit.o(.ARM.Collect$$rtexit$$00000000)
    __rt_exit_ls                             0x00000167   Thumb Code     0  rtexit2.o(.ARM.Collect$$rtexit$$00000003)
    __rt_exit_prels_1                        0x00000167   Thumb Code     0  rtexit2.o(.ARM.Collect$$rtexit$$00000002)
    __rt_exit_exit                           0x0000016b   Thumb Code     0  rtexit2.o(.ARM.Collect$$rtexit$$00000004)
    Reset_Handler                            0x00000171   Thumb Code     4  startup_lpc17xx.o(.text)
    NMI_Handler                              0x00000175   Thumb Code     2  startup_lpc17xx.o(.text)
    HardFault_Handler                        0x00000177   Thumb Code     2  startup_lpc17xx.o(.text)
    MemManage_Handler                        0x00000179   Thumb Code     2  startup_lpc17xx.o(.text)
    BusFault_Handler                         0x0000017b   Thumb Code     2  startup_lpc17xx.o(.text)
    UsageFault_Handler                       0x0000017d   Thumb Code     2  startup_lpc17xx.o(.text)
    SVC_Handler                              0x0000017f   Thumb Code     2  startup_lpc17xx.o(.text)
    DebugMon_Handler                         0x00000181   Thumb Code     2  startup_lpc17xx.o(.text)
    PendSV_Handler                           0x00000183   Thumb Code     2  startup_lpc17xx.o(.text)
    SysTick_Handler                          0x00000185   Thumb Code     2  startup_lpc17xx.o(.text)
    ADC_IRQHandler                           0x00000187   Thumb Code     0  startup_lpc17xx.o(.text)
    BOD_IRQHandler                           0x00000187   Thumb Code     0  startup_lpc17xx.o(.text)
    CANActivity_IRQHandler                   0x00000187   Thumb Code     0  startup_lpc17xx.o(.text)
    CAN_IRQHandler                           0x00000187   Thumb Code     0  startup_lpc17xx.o(.text)
    DMA_IRQHandler                           0x00000187   Thumb Code     0  startup_lpc17xx.o(.text)
    EINT3_IRQHandler                         0x00000187   Thumb Code     0  startup_lpc17xx.o(.text)
    ENET_IRQHandler                          0x00000187   Thumb Code     0  startup_lpc17xx.o(.text)
    I2C0_IRQHandler                          0x00000187   Thumb Code     0  startup_lpc17xx.o(.text)
    I2C1_IRQHandler                          0x00000187   Thumb Code     0  startup_lpc17xx.o(.text)
    I2C2_IRQHandler                          0x00000187   Thumb Code     0  startup_lpc17xx.o(.text)
    I2S_IRQHandler                           0x00000187   Thumb Code     0  startup_lpc17xx.o(.text)
    MCPWM_IRQHandler                         0x00000187   Thumb Code     0  startup_lpc17xx.o(.text)
    PLL0_IRQHandler                          0x00000187   Thumb Code     0  startup_lpc17xx.o(.text)
    PLL1_IRQHandler                          0x00000187   Thumb Code     0  startup_lpc17xx.o(.text)
    PWM1_IRQHandler                          0x00000187   Thumb Code     0  startup_lpc17xx.o(.text)
    QEI_IRQHandler                           0x00000187   Thumb Code     0  startup_lpc17xx.o(.text)
    RTC_IRQHandler                           0x00000187   Thumb Code     0  startup_lpc17xx.o(.text)
    SPI_IRQHandler                           0x00000187   Thumb Code     0  startup_lpc17xx.o(.text)
    SSP0_IRQHandler                          0x00000187   Thumb Code     0  startup_lpc17xx.o(.text)
    SSP1_IRQHandler                          0x00000187   Thumb Code     0  startup_lpc17xx.o(.text)
    UART0_IRQHandler                         0x00000187   Thumb Code     0  startup_lpc17xx.o(.text)
    UART1_IRQHandler                         0x00000187   Thumb Code     0  startup_lpc17xx.o(.text)
    UART2_IRQHandler                         0x00000187   Thumb Code     0  startup_lpc17xx.o(.text)
    UART3_IRQHandler                         0x00000187   Thumb Code     0  startup_lpc17xx.o(.text)
    USBActivity_IRQHandler                   0x00000187   Thumb Code     0  startup_lpc17xx.o(.text)
    USB_IRQHandler                           0x00000187   Thumb Code     0  startup_lpc17xx.o(.text)
    WDT_IRQHandler                           0x00000187   Thumb Code     0  startup_lpc17xx.o(.text)
    __user_initial_stackheap                 0x00000189   Thumb Code     0  startup_lpc17xx.o(.text)
    main                                     0x000001a5   Thumb Code    38  sample.o(.text)
    EINT0_IRQHandler                         0x000001d5   Thumb Code    40  irq_button.o(.text)
    EINT1_IRQHandler                         0x000001fd   Thumb Code    40  irq_button.o(.text)
    EINT2_IRQHandler                         0x00000225   Thumb Code    40  irq_button.o(.text)
    joystick_init                            0x00000285   Thumb Code    86  lib_joystick.o(.text)
    GetASCIICode                             0x000002e5   Thumb Code    16  asciilib.o(.text)
    __I$use$semihosting                      0x000002f9   Thumb Code     0  use_no_semi.o(.text)
    __use_no_semihosting_swi                 0x000002f9   Thumb Code     2  use_no_semi.o(.text)
    __I$use$fp                               0x000002fa   Number         0  usenofp.o(x$fpl$usenofp)
    __semihosting_library_function           0x000002fb   Thumb Code     0  indicate_semi.o(.text)
    UI_Counter_Init                          0x00000301   Thumb Code   224  game.o(.text)
    UI_Init                                  0x000003e1   Thumb Code   492  game.o(.text)
    Board_Init                               0x000005cd   Thumb Code    98  game.o(.text)
    Player_Init                              0x0000062f   Thumb Code   130  game.o(.text)
    Start_Game                               0x000006b1   Thumb Code   112  game.o(.text)
    Title_Screen                             0x00000721   Thumb Code    66  game.o(.text)
    Setup                                    0x00000763   Thumb Code    32  game.o(.text)
    Game_Over                                0x00000783   Thumb Code    84  game.o(.text)
    Win_Condition                            0x000007d7   Thumb Code    24  game.o(.text)
    End_Turn                                 0x000007ef   Thumb Code   252  game.o(.text)
    Timer_End_Turn                           0x000008eb   Thumb Code   104  game.o(.text)
    Switch_Player_Wall                       0x00000953   Thumb Code   276  game.o(.text)
    Move                                     0x00000a67   Thumb Code   370  game.o(.text)
    Peripheral_Init                          0x00000bd9   Thumb Code    42  util_game.o(.text)
    wait_delay                               0x00000c03   Thumb Code     6  util_game.o(.text)
    Draw_Checkers                            0x00000c09   Thumb Code   116  util_game.o(.text)
    Draw_Board                               0x00000c7d   Thumb Code    62  util_game.o(.text)
    isReachable                              0x00000cbb   Thumb Code   196  util_game.o(.text)
    Wall_Partition_Board                     0x00000d7f   Thumb Code   190  util_game.o(.text)
    Can_Place_Wall                           0x00000e3d   Thumb Code   190  util_game.o(.text)
    LCD_DrawRect                             0x00000f41   Thumb Code    68  draw.o(.text)
    LCD_DrawShadow                           0x00000f85   Thumb Code   272  draw.o(.text)
    LCD_DrawRectWithShadow                   0x00001095   Thumb Code    52  draw.o(.text)
    LCD_DrawSquare                           0x000010c9   Thumb Code    18  draw.o(.text)
    LCD_FillRect                             0x000010db   Thumb Code    40  draw.o(.text)
    LCD_FillSquare                           0x00001103   Thumb Code    18  draw.o(.text)
    LCD_ClearRect                            0x00001115   Thumb Code    22  draw.o(.text)
    LCD_ClearSquare                          0x0000112b   Thumb Code    12  draw.o(.text)
    Get_Vec_From_Dir                         0x00001137   Thumb Code    64  draw.o(.text)
    Get_Dir_From_Vec                         0x00001177   Thumb Code    36  draw.o(.text)
    Create_Player                            0x0000119d   Thumb Code    40  player.o(.text)
    Draw_Player                              0x000011c5   Thumb Code    34  player.o(.text)
    Player_Collide_Wall                      0x000011e7   Thumb Code   198  player.o(.text)
    Remove_Player                            0x000012ad   Thumb Code    10  player.o(.text)
    Remove_Highlight                         0x000012b7   Thumb Code    30  player.o(.text)
    Remove_Hint_Move                         0x000012d5   Thumb Code   108  player.o(.text)
    Move_Player                              0x00001341   Thumb Code   256  player.o(.text)
    Create_Highlight                         0x00001441   Thumb Code    32  player.o(.text)
    Create_Hint_Move                         0x00001461   Thumb Code   104  player.o(.text)
    Create_UI                                0x000014f5   Thumb Code    74  ui.o(.text)
    Update_UI                                0x0000153f   Thumb Code    52  ui.o(.text)
    Update_Timer_UI                          0x00001573   Thumb Code    32  ui.o(.text)
    Update_Wall_UI                           0x00001593   Thumb Code    74  ui.o(.text)
    Show_Big_UI                              0x000015dd   Thumb Code   122  ui.o(.text)
    Write_Center_Top                         0x00001657   Thumb Code    22  ui.o(.text)
    Write_Center_Bottom                      0x0000166d   Thumb Code    24  ui.o(.text)
    Write_Top_Title                          0x00001685   Thumb Code    22  ui.o(.text)
    Write_Bottom_Title                       0x0000169b   Thumb Code    44  ui.o(.text)
    Get_Position_Of                          0x00001711   Thumb Code   138  wall.o(.text)
    Preview_Wall                             0x0000179b   Thumb Code    48  wall.o(.text)
    Draw_Wall                                0x000017cb   Thumb Code    78  wall.o(.text)
    Place_Wall                               0x00001819   Thumb Code   196  wall.o(.text)
    Create_Wall                              0x000018dd   Thumb Code    32  wall.o(.text)
    Remove_Wall                              0x000018fd   Thumb Code    28  wall.o(.text)
    Move_Wall                                0x00001919   Thumb Code   120  wall.o(.text)
    Rotate_Wall                              0x00001991   Thumb Code    50  wall.o(.text)
    SystemInit                               0x000019f9   Thumb Code   346  system_lpc17xx.o(.text)
    BUTTON_init                              0x00001b75   Thumb Code   108  lib_button.o(.text)
    disable_button                           0x00001be1   Thumb Code    34  lib_button.o(.text)
    enable_button                            0x00001c03   Thumb Code    34  lib_button.o(.text)
    RIT_IRQHandler                           0x00001c8d   Thumb Code   474  irq_rit.o(.text)
    enable_RIT                               0x00001ea9   Thumb Code    12  lib_rit.o(.text)
    disable_RIT                              0x00001eb5   Thumb Code    12  lib_rit.o(.text)
    reset_RIT                                0x00001ec1   Thumb Code     8  lib_rit.o(.text)
    init_RIT                                 0x00001ec9   Thumb Code    64  lib_rit.o(.text)
    TIMER0_IRQHandler                        0x00001f11   Thumb Code    40  irq_timer.o(.text)
    TIMER1_IRQHandler                        0x00001f39   Thumb Code     8  irq_timer.o(.text)
    TIMER2_IRQHandler                        0x00001f41   Thumb Code     8  irq_timer.o(.text)
    TIMER3_IRQHandler                        0x00001f49   Thumb Code     8  irq_timer.o(.text)
    enable_timer                             0x00001f65   Thumb Code    36  lib_timer.o(.text)
    disable_timer                            0x00001f89   Thumb Code    36  lib_timer.o(.text)
    reset_timer                              0x00001fad   Thumb Code    40  lib_timer.o(.text)
    init_timer                               0x00001fd5   Thumb Code    72  lib_timer.o(.text)
    LCD_Initialization                       0x00002431   Thumb Code  6384  glcd.o(.text)
    LCD_Clear                                0x00003d21   Thumb Code  1154  glcd.o(.text)
    LCD_GetPoint                             0x000041a3   Thumb Code   596  glcd.o(.text)
    LCD_SetPoint                             0x000043f7   Thumb Code   134  glcd.o(.text)
    LCD_DrawLine                             0x0000447d   Thumb Code   218  glcd.o(.text)
    PutChar                                  0x00004557   Thumb Code    92  glcd.o(.text)
    GUI_Text                                 0x000045b3   Thumb Code    70  glcd.o(.text)
    __2sprintf                               0x00004615   Thumb Code    34  noretval__2sprintf.o(.text)
    __printf                                 0x0000463d   Thumb Code   104  __printf.o(.text)
    _printf_int_dec                          0x000046a5   Thumb Code   104  _printf_dec.o(.text)
    __aeabi_memcpy                           0x0000471d   Thumb Code     0  rt_memcpy_v6.o(.text)
    __rt_memcpy                              0x0000471d   Thumb Code   138  rt_memcpy_v6.o(.text)
    _memcpy_lastbytes                        0x00004783   Thumb Code     0  rt_memcpy_v6.o(.text)
    __aeabi_memcpy4                          0x000047a7   Thumb Code     0  rt_memcpy_w.o(.text)
    __aeabi_memcpy8                          0x000047a7   Thumb Code     0  rt_memcpy_w.o(.text)
    __rt_memcpy_w                            0x000047a7   Thumb Code   100  rt_memcpy_w.o(.text)
    _memcpy_lastbytes_aligned                0x000047ef   Thumb Code     0  rt_memcpy_w.o(.text)
    __aeabi_memclr4                          0x0000480b   Thumb Code     0  rt_memclr_w.o(.text)
    __aeabi_memclr8                          0x0000480b   Thumb Code     0  rt_memclr_w.o(.text)
    __rt_memclr_w                            0x0000480b   Thumb Code    78  rt_memclr_w.o(.text)
    _memset_w                                0x0000480f   Thumb Code     0  rt_memclr_w.o(.text)
    __use_two_region_memory                  0x00004859   Thumb Code     2  heapauxi.o(.text)
    __rt_heap_escrow$2region                 0x0000485b   Thumb Code     2  heapauxi.o(.text)
    __rt_heap_expand$2region                 0x0000485d   Thumb Code     2  heapauxi.o(.text)
    _printf_int_common                       0x0000485f   Thumb Code   178  _printf_intcommon.o(.text)
    _printf_char_common                      0x0000491b   Thumb Code    32  _printf_char_common.o(.text)
    _sputc                                   0x00004941   Thumb Code    10  _sputc.o(.text)
    __user_setup_stackheap                   0x0000494b   Thumb Code    74  sys_stackheap_outer.o(.text)
    exit                                     0x00004995   Thumb Code    18  exit.o(.text)
    __user_libspace                          0x000049a9   Thumb Code     8  libspace.o(.text)
    __user_perproc_libspace                  0x000049a9   Thumb Code     0  libspace.o(.text)
    __user_perthread_libspace                0x000049a9   Thumb Code     0  libspace.o(.text)
    _sys_exit                                0x000049b1   Thumb Code     8  sys_exit.o(.text)
    __aeabi_dadd                             0x000049bd   Thumb Code     0  daddsub_clz.o(x$fpl$dadd)
    _dadd                                    0x000049bd   Thumb Code   332  daddsub_clz.o(x$fpl$dadd)
    __aeabi_d2uiz                            0x00004b0d   Thumb Code     0  dfixu.o(x$fpl$dfixu)
    _dfixu                                   0x00004b0d   Thumb Code    90  dfixu.o(x$fpl$dfixu)
    __aeabi_i2d                              0x00004b67   Thumb Code     0  dflt_clz.o(x$fpl$dflt)
    _dflt                                    0x00004b67   Thumb Code    46  dflt_clz.o(x$fpl$dflt)
    __fpl_dnaninf                            0x00004b95   Thumb Code   156  dnaninf.o(x$fpl$dnaninf)
    __fpl_dretinf                            0x00004c31   Thumb Code    12  dretinf.o(x$fpl$dretinf)
    __aeabi_dsub                             0x00004c3d   Thumb Code     0  daddsub_clz.o(x$fpl$dsub)
    _dsub                                    0x00004c3d   Thumb Code   464  daddsub_clz.o(x$fpl$dsub)
    Region$$Table$$Base                      0x00005400   Number         0  anon$$obj.o(Region$$Table)
    Region$$Table$$Limit                     0x00005430   Number         0  anon$$obj.o(Region$$Table)
    current_player                           0x2007c000   Data           1  game.o(.data)
    timeLeft                                 0x2007c001   Data           1  game.o(.data)
    started                                  0x2007c002   Data           1  game.o(.data)
    cooldown                                 0x2007c003   Data           1  game.o(.data)
    p0_wall_remaining                        0x2007c004   Data           2  game.o(.data)
    p1_wall_remaining                        0x2007c006   Data           2  game.o(.data)
    time_value                               0x2007c008   Data           2  game.o(.data)
    game_state                               0x2007c00c   Data           4  game.o(.data)
    moving_entity                            0x2007c010   Data           4  game.o(.data)
    lastMove                                 0x2007c014   Data           4  game.o(.data)
    SystemFrequency                          0x2007c018   Data           4  system_lpc17xx.o(.data)
    down_0                                   0x2007c01c   Data           1  irq_rit.o(.data)
    down_1                                   0x2007c01d   Data           1  irq_rit.o(.data)
    down_2                                   0x2007c01e   Data           1  irq_rit.o(.data)
    WallMatrixPosition                       0x2007c028   Data         144  game.o(.bss)
    player0                                  0x2007c0b8   Data          12  game.o(.bss)
    player1                                  0x2007c0c4   Data          12  game.o(.bss)
    timer_ui                                 0x2007c0d0   Data          28  game.o(.bss)
    player0_ui                               0x2007c0ec   Data          28  game.o(.bss)
    player1_ui                               0x2007c108   Data          28  game.o(.bss)
    wall                                     0x2007c124   Data          12  game.o(.bss)
    __libspace_start                         0x2007c130   Data          96  libspace.o(.bss)
    __temporary_stack_top$libspace           0x2007c190   Data           0  libspace.o(.bss)



==============================================================================

Memory Map of the image

  Image Entry point : 0x000000cd

  Load Region LR_IROM1 (Base: 0x00000000, Size: 0x00005458, Max: 0x00080000, ABSOLUTE)

    Execution Region ER_IROM1 (Exec base: 0x00000000, Load base: 0x00000000, Size: 0x00005430, Max: 0x00080000, ABSOLUTE)

    Exec Addr    Load Addr    Size         Type   Attr      Idx    E Section Name        Object

    0x00000000   0x00000000   0x000000cc   Data   RO            3    RESET               startup_lpc17xx.o
    0x000000cc   0x000000cc   0x00000008   Code   RO          778  * !!!main             c_w.l(__main.o)
    0x000000d4   0x000000d4   0x00000034   Code   RO          967    !!!scatter          c_w.l(__scatter.o)
    0x00000108   0x00000108   0x0000001a   Code   RO          969    !!handler_copy      c_w.l(__scatter_copy.o)
    0x00000122   0x00000122   0x00000002   PAD
    0x00000124   0x00000124   0x0000001c   Code   RO          971    !!handler_zi        c_w.l(__scatter_zi.o)
    0x00000140   0x00000140   0x00000000   Code   RO          769    .ARM.Collect$$_printf_percent$$00000000  c_w.l(_printf_percent.o)
    0x00000140   0x00000140   0x00000006   Code   RO          768    .ARM.Collect$$_printf_percent$$0000000A  c_w.l(_printf_u.o)
    0x00000146   0x00000146   0x00000004   Code   RO          803    .ARM.Collect$$_printf_percent$$00000017  c_w.l(_printf_percent_end.o)
    0x0000014a   0x0000014a   0x00000002   Code   RO          835    .ARM.Collect$$libinit$$00000000  c_w.l(libinit.o)
    0x0000014c   0x0000014c   0x00000000   Code   RO          842    .ARM.Collect$$libinit$$00000002  c_w.l(libinit2.o)
    0x0000014c   0x0000014c   0x00000000   Code   RO          844    .ARM.Collect$$libinit$$00000004  c_w.l(libinit2.o)
    0x0000014c   0x0000014c   0x00000000   Code   RO          847    .ARM.Collect$$libinit$$0000000A  c_w.l(libinit2.o)
    0x0000014c   0x0000014c   0x00000000   Code   RO          849    .ARM.Collect$$libinit$$0000000C  c_w.l(libinit2.o)
    0x0000014c   0x0000014c   0x00000000   Code   RO          851    .ARM.Collect$$libinit$$0000000E  c_w.l(libinit2.o)
    0x0000014c   0x0000014c   0x00000000   Code   RO          854    .ARM.Collect$$libinit$$00000011  c_w.l(libinit2.o)
    0x0000014c   0x0000014c   0x00000000   Code   RO          856    .ARM.Collect$$libinit$$00000013  c_w.l(libinit2.o)
    0x0000014c   0x0000014c   0x00000000   Code   RO          858    .ARM.Collect$$libinit$$00000015  c_w.l(libinit2.o)
    0x0000014c   0x0000014c   0x00000000   Code   RO          860    .ARM.Collect$$libinit$$00000017  c_w.l(libinit2.o)
    0x0000014c   0x0000014c   0x00000000   Code   RO          862    .ARM.Collect$$libinit$$00000019  c_w.l(libinit2.o)
    0x0000014c   0x0000014c   0x00000000   Code   RO          864    .ARM.Collect$$libinit$$0000001B  c_w.l(libinit2.o)
    0x0000014c   0x0000014c   0x00000000   Code   RO          866    .ARM.Collect$$libinit$$0000001D  c_w.l(libinit2.o)
    0x0000014c   0x0000014c   0x00000000   Code   RO          868    .ARM.Collect$$libinit$$0000001F  c_w.l(libinit2.o)
    0x0000014c   0x0000014c   0x00000000   Code   RO          870    .ARM.Collect$$libinit$$00000021  c_w.l(libinit2.o)
    0x0000014c   0x0000014c   0x00000000   Code   RO          872    .ARM.Collect$$libinit$$00000023  c_w.l(libinit2.o)
    0x0000014c   0x0000014c   0x00000000   Code   RO          874    .ARM.Collect$$libinit$$00000025  c_w.l(libinit2.o)
    0x0000014c   0x0000014c   0x00000000   Code   RO          878    .ARM.Collect$$libinit$$0000002C  c_w.l(libinit2.o)
    0x0000014c   0x0000014c   0x00000000   Code   RO          880    .ARM.Collect$$libinit$$0000002E  c_w.l(libinit2.o)
    0x0000014c   0x0000014c   0x00000000   Code   RO          882    .ARM.Collect$$libinit$$00000030  c_w.l(libinit2.o)
    0x0000014c   0x0000014c   0x00000000   Code   RO          884    .ARM.Collect$$libinit$$00000032  c_w.l(libinit2.o)
    0x0000014c   0x0000014c   0x00000002   Code   RO          885    .ARM.Collect$$libinit$$00000033  c_w.l(libinit2.o)
    0x0000014e   0x0000014e   0x00000002   Code   RO          905    .ARM.Collect$$libshutdown$$00000000  c_w.l(libshutdown.o)
    0x00000150   0x00000150   0x00000000   Code   RO          918    .ARM.Collect$$libshutdown$$00000002  c_w.l(libshutdown2.o)
    0x00000150   0x00000150   0x00000000   Code   RO          920    .ARM.Collect$$libshutdown$$00000004  c_w.l(libshutdown2.o)
    0x00000150   0x00000150   0x00000000   Code   RO          922    .ARM.Collect$$libshutdown$$00000006  c_w.l(libshutdown2.o)
    0x00000150   0x00000150   0x00000000   Code   RO          925    .ARM.Collect$$libshutdown$$00000009  c_w.l(libshutdown2.o)
    0x00000150   0x00000150   0x00000000   Code   RO          928    .ARM.Collect$$libshutdown$$0000000C  c_w.l(libshutdown2.o)
    0x00000150   0x00000150   0x00000000   Code   RO          930    .ARM.Collect$$libshutdown$$0000000E  c_w.l(libshutdown2.o)
    0x00000150   0x00000150   0x00000000   Code   RO          933    .ARM.Collect$$libshutdown$$00000011  c_w.l(libshutdown2.o)
    0x00000150   0x00000150   0x00000002   Code   RO          934    .ARM.Collect$$libshutdown$$00000012  c_w.l(libshutdown2.o)
    0x00000152   0x00000152   0x00000000   Code   RO          796    .ARM.Collect$$rtentry$$00000000  c_w.l(__rtentry.o)
    0x00000152   0x00000152   0x00000000   Code   RO          810    .ARM.Collect$$rtentry$$00000002  c_w.l(__rtentry2.o)
    0x00000152   0x00000152   0x00000006   Code   RO          822    .ARM.Collect$$rtentry$$00000004  c_w.l(__rtentry4.o)
    0x00000158   0x00000158   0x00000000   Code   RO          812    .ARM.Collect$$rtentry$$00000009  c_w.l(__rtentry2.o)
    0x00000158   0x00000158   0x00000004   Code   RO          813    .ARM.Collect$$rtentry$$0000000A  c_w.l(__rtentry2.o)
    0x0000015c   0x0000015c   0x00000000   Code   RO          815    .ARM.Collect$$rtentry$$0000000C  c_w.l(__rtentry2.o)
    0x0000015c   0x0000015c   0x00000008   Code   RO          816    .ARM.Collect$$rtentry$$0000000D  c_w.l(__rtentry2.o)
    0x00000164   0x00000164   0x00000002   Code   RO          839    .ARM.Collect$$rtexit$$00000000  c_w.l(rtexit.o)
    0x00000166   0x00000166   0x00000000   Code   RO          887    .ARM.Collect$$rtexit$$00000002  c_w.l(rtexit2.o)
    0x00000166   0x00000166   0x00000004   Code   RO          888    .ARM.Collect$$rtexit$$00000003  c_w.l(rtexit2.o)
    0x0000016a   0x0000016a   0x00000006   Code   RO          889    .ARM.Collect$$rtexit$$00000004  c_w.l(rtexit2.o)
    0x00000170   0x00000170   0x00000034   Code   RO            5    .text               startup_lpc17xx.o
    0x000001a4   0x000001a4   0x00000030   Code   RO           16    .text               sample.o
    0x000001d4   0x000001d4   0x000000b0   Code   RO          408    .text               irq_button.o
    0x00000284   0x00000284   0x00000060   Code   RO          474    .text               lib_joystick.o
    0x000002e4   0x000002e4   0x00000014   Code   RO          675    .text               asciilib.o
    0x000002f8   0x000002f8   0x00000002   Code   RO          908    .text               c_w.l(use_no_semi.o)
    0x000002fa   0x000002fa   0x00000000   Code   RO          910    .text               c_w.l(indicate_semi.o)
    0x000002fa   0x000002fa   0x00000000   Code   RO          808    x$fpl$usenofp       fz_ws.l(usenofp.o)
    0x000002fa   0x000002fa   0x00000002   PAD
    0x000002fc   0x000002fc   0x00000004   Code   RO            4    .ARM.__at_0x02FC    startup_lpc17xx.o
    0x00000300   0x00000300   0x000008d8   Code   RO          102    .text               game.o
    0x00000bd8   0x00000bd8   0x00000368   Code   RO          159    .text               util_game.o
    0x00000f40   0x00000f40   0x0000025a   Code   RO          184    .text               draw.o
    0x0000119a   0x0000119a   0x00000002   PAD
    0x0000119c   0x0000119c   0x00000358   Code   RO          215    .text               player.o
    0x000014f4   0x000014f4   0x0000021c   Code   RO          267    .text               ui.o
    0x00001710   0x00001710   0x000002e8   Code   RO          319    .text               wall.o
    0x000019f8   0x000019f8   0x0000017c   Code   RO          381    .text               system_lpc17xx.o
    0x00001b74   0x00001b74   0x00000118   Code   RO          446    .text               lib_button.o
    0x00001c8c   0x00001c8c   0x0000021c   Code   RO          502    .text               irq_rit.o
    0x00001ea8   0x00001ea8   0x00000068   Code   RO          561    .text               lib_rit.o
    0x00001f10   0x00001f10   0x00000054   Code   RO          592    .text               irq_timer.o
    0x00001f64   0x00001f64   0x000000e0   Code   RO          651    .text               lib_timer.o
    0x00002044   0x00002044   0x000025d0   Code   RO          695    .text               glcd.o
    0x00004614   0x00004614   0x00000028   Code   RO          742    .text               c_w.l(noretval__2sprintf.o)
    0x0000463c   0x0000463c   0x00000068   Code   RO          744    .text               c_w.l(__printf.o)
    0x000046a4   0x000046a4   0x00000078   Code   RO          746    .text               c_w.l(_printf_dec.o)
    0x0000471c   0x0000471c   0x0000008a   Code   RO          770    .text               c_w.l(rt_memcpy_v6.o)
    0x000047a6   0x000047a6   0x00000064   Code   RO          772    .text               c_w.l(rt_memcpy_w.o)
    0x0000480a   0x0000480a   0x0000004e   Code   RO          774    .text               c_w.l(rt_memclr_w.o)
    0x00004858   0x00004858   0x00000006   Code   RO          776    .text               c_w.l(heapauxi.o)
    0x0000485e   0x0000485e   0x000000b2   Code   RO          797    .text               c_w.l(_printf_intcommon.o)
    0x00004910   0x00004910   0x00000030   Code   RO          799    .text               c_w.l(_printf_char_common.o)
    0x00004940   0x00004940   0x0000000a   Code   RO          801    .text               c_w.l(_sputc.o)
    0x0000494a   0x0000494a   0x0000004a   Code   RO          826    .text               c_w.l(sys_stackheap_outer.o)
    0x00004994   0x00004994   0x00000012   Code   RO          828    .text               c_w.l(exit.o)
    0x000049a6   0x000049a6   0x00000002   PAD
    0x000049a8   0x000049a8   0x00000008   Code   RO          836    .text               c_w.l(libspace.o)
    0x000049b0   0x000049b0   0x0000000c   Code   RO          897    .text               c_w.l(sys_exit.o)
    0x000049bc   0x000049bc   0x00000150   Code   RO          780    x$fpl$dadd          fz_ws.l(daddsub_clz.o)
    0x00004b0c   0x00004b0c   0x0000005a   Code   RO          786    x$fpl$dfixu         fz_ws.l(dfixu.o)
    0x00004b66   0x00004b66   0x0000002e   Code   RO          791    x$fpl$dflt          fz_ws.l(dflt_clz.o)
    0x00004b94   0x00004b94   0x0000009c   Code   RO          804    x$fpl$dnaninf       fz_ws.l(dnaninf.o)
    0x00004c30   0x00004c30   0x0000000c   Code   RO          806    x$fpl$dretinf       fz_ws.l(dretinf.o)
    0x00004c3c   0x00004c3c   0x000001d4   Code   RO          782    x$fpl$dsub          fz_ws.l(daddsub_clz.o)
    0x00004e10   0x00004e10   0x000005f0   Data   RO          676    .constdata          asciilib.o
    0x00005400   0x00005400   0x00000030   Data   RO          965    Region$$Table       anon$$obj.o


    Execution Region RW_IRAM1 (Exec base: 0x10000000, Load base: 0x00005430, Size: 0x00000400, Max: 0x00008000, ABSOLUTE)

    Exec Addr    Load Addr    Size         Type   Attr      Idx    E Section Name        Object

    0x10000000        -       0x00000400   Zero   RW            1    STACK               startup_lpc17xx.o


    Execution Region RW_IRAM2 (Exec base: 0x2007c000, Load base: 0x00005430, Size: 0x00000190, Max: 0x00008000, ABSOLUTE)

    Exec Addr    Load Addr    Size         Type   Attr      Idx    E Section Name        Object

    0x2007c000   0x00005430   0x00000018   Data   RW          105    .data               game.o
    0x2007c018   0x00005448   0x00000004   Data   RW          382    .data               system_lpc17xx.o
    0x2007c01c   0x0000544c   0x00000008   Data   RW          503    .data               irq_rit.o
    0x2007c024   0x00005454   0x00000001   Data   RW          696    .data               glcd.o
    0x2007c025   0x00005455   0x00000003   PAD
    0x2007c028        -       0x00000090   Zero   RW          103    .bss                game.o
    0x2007c0b8        -       0x00000078   Zero   RW          104    .bss                game.o
    0x2007c130        -       0x00000060   Zero   RW          837    .bss                c_w.l(libspace.o)
    0x2007c190        -       0x00000000   Zero   RW            2    HEAP                startup_lpc17xx.o


==============================================================================

Image component sizes


      Code (inc. data)   RO Data    RW Data    ZI Data      Debug   Object Name

        20          4       1520          0          0       1119   asciilib.o
       602         10          0          0          0       4650   draw.o
      2264        204          0         24        264       8512   game.o
      9680         62          0          1          0      46459   glcd.o
       176         22          0          0          0      44380   irq_button.o
       540         40          0          8          0      31584   irq_rit.o
        84         20          0          0          0        902   irq_timer.o
       280         12          0          0          0      27878   lib_button.o
        96         10          0          0          0        524   lib_joystick.o
       104          8          0          0          0      27455   lib_rit.o
       224         14          0          0          0       1424   lib_timer.o
       856         44          0          0          0       5346   player.o
        48         10          0          0          0      21887   sample.o
        56         22        204          0       1024       1104   startup_lpc17xx.o
       380         34          0          4          0        951   system_lpc17xx.o
       540         74          0          0          0       4629   ui.o
       872         70          0          0          0       3206   util_game.o
       744         54          0          0          0       7563   wall.o

    ----------------------------------------------------------------------
     17568        714       1772         40       1288     239573   Object Totals
         0          0         48          0          0          0   (incl. Generated)
         2          0          0          3          0          0   (incl. Padding)

    ----------------------------------------------------------------------

      Code (inc. data)   RO Data    RW Data    ZI Data      Debug   Library Member Name

         8          0          0          0          0         68   __main.o
       104          0          0          0          0         84   __printf.o
         0          0          0          0          0          0   __rtentry.o
        12          0          0          0          0          0   __rtentry2.o
         6          0          0          0          0          0   __rtentry4.o
        52          8          0          0          0          0   __scatter.o
        26          0          0          0          0          0   __scatter_copy.o
        28          0          0          0          0          0   __scatter_zi.o
        48          6          0          0          0         96   _printf_char_common.o
       120         16          0          0          0         92   _printf_dec.o
       178          0          0          0          0         88   _printf_intcommon.o
         0          0          0          0          0          0   _printf_percent.o
         4          0          0          0          0          0   _printf_percent_end.o
         6          0          0          0          0          0   _printf_u.o
        10          0          0          0          0         68   _sputc.o
        18          0          0          0          0         80   exit.o
         6          0          0          0          0        152   heapauxi.o
         0          0          0          0          0          0   indicate_semi.o
         2          0          0          0          0          0   libinit.o
         2          0          0          0          0          0   libinit2.o
         2          0          0          0          0          0   libshutdown.o
         2          0          0          0          0          0   libshutdown2.o
         8          4          0          0         96         68   libspace.o
        40          6          0          0          0         84   noretval__2sprintf.o
        78          0          0          0          0         80   rt_memclr_w.o
       138          0          0          0          0         68   rt_memcpy_v6.o
       100          0          0          0          0         80   rt_memcpy_w.o
         2          0          0          0          0          0   rtexit.o
        10          0          0          0          0          0   rtexit2.o
        12          4          0          0          0         68   sys_exit.o
        74          0          0          0          0         80   sys_stackheap_outer.o
         2          0          0          0          0         68   use_no_semi.o
       804         16          0          0          0        272   daddsub_clz.o
        90          4          0          0          0         92   dfixu.o
        46          0          0          0          0         68   dflt_clz.o
       156          4          0          0          0         92   dnaninf.o
        12          0          0          0          0         68   dretinf.o
         0          0          0          0          0          0   usenofp.o

    ----------------------------------------------------------------------
      2212         68          0          0         96       1916   Library Totals
         6          0          0          0          0          0   (incl. Padding)

    ----------------------------------------------------------------------

      Code (inc. data)   RO Data    RW Data    ZI Data      Debug   Library Name

      1098         44          0          0         96       1324   c_w.l
      1108         24          0          0          0        592   fz_ws.l

    ----------------------------------------------------------------------
      2212         68          0          0         96       1916   Library Totals

    ----------------------------------------------------------------------

==============================================================================


      Code (inc. data)   RO Data    RW Data    ZI Data      Debug   

     19780        782       1772         40       1384     239561   Grand Totals
     19780        782       1772         40       1384     239561   ELF Image Totals
     19780        782       1772         40          0          0   ROM Totals

==============================================================================

    Total RO  Size (Code + RO Data)                21552 (  21.05kB)
    Total RW  Size (RW Data + ZI Data)              1424 (   1.39kB)
    Total ROM Size (Code + RO Data + RW Data)      21592 (  21.09kB)

==============================================================================

